Archive member included to satisfy reference by file (symbol)

c:/program files/microchip/xc32/v2.50/bin/bin/../../lib/gcc/pic32c/6.2.1/../../../../pic32c/lib\libpic32c.a(data_init.o)
                              build/sam_d21_xpro/debug/_ext/128142748/startup_xc32.o (__pic32c_data_initialization)
c:/program files/microchip/xc32/v2.50/bin/bin/../../lib/gcc/pic32c/6.2.1\libgcc.a(_udivsi3.o)
                              build/sam_d21_xpro/debug/_ext/488633594/drv_usbfsv1_device.o (__aeabi_uidivmod)
c:/program files/microchip/xc32/v2.50/bin/bin/../../lib/gcc/pic32c/6.2.1\libgcc.a(_divsi3.o)
                              build/sam_d21_xpro/debug/_ext/1703922222/usb_device.o (__aeabi_idiv)
c:/program files/microchip/xc32/v2.50/bin/bin/../../lib/gcc/pic32c/6.2.1\libgcc.a(_dvmd_tls.o)
                              c:/program files/microchip/xc32/v2.50/bin/bin/../../lib/gcc/pic32c/6.2.1\libgcc.a(_udivsi3.o) (__aeabi_idiv0)
c:/program files/microchip/xc32/v2.50/bin/bin/../../lib/gcc/pic32c/6.2.1\libgcc.a(_aeabi_uldivmod.o)
                              build/sam_d21_xpro/debug/_ext/1136425057/plib_sercom1_usart.o (__aeabi_uldivmod)
c:/program files/microchip/xc32/v2.50/bin/bin/../../lib/gcc/pic32c/6.2.1\libgcc.a(_muldi3.o)
                              build/sam_d21_xpro/debug/_ext/1136425057/plib_sercom1_usart.o (__aeabi_lmul)
c:/program files/microchip/xc32/v2.50/bin/bin/../../lib/gcc/pic32c/6.2.1\libgcc.a(_udivmoddi4.o)
                              c:/program files/microchip/xc32/v2.50/bin/bin/../../lib/gcc/pic32c/6.2.1\libgcc.a(_aeabi_uldivmod.o) (__udivmoddi4)
c:/program files/microchip/xc32/v2.50/bin/bin/../../lib/gcc/pic32c/6.2.1\libgcc.a(_lshrdi3.o)
                              c:/program files/microchip/xc32/v2.50/bin/bin/../../lib/gcc/pic32c/6.2.1\libgcc.a(_udivmoddi4.o) (__aeabi_llsr)
c:/program files/microchip/xc32/v2.50/bin/bin/../../lib/gcc/pic32c/6.2.1\libgcc.a(_ashldi3.o)
                              c:/program files/microchip/xc32/v2.50/bin/bin/../../lib/gcc/pic32c/6.2.1\libgcc.a(_udivmoddi4.o) (__aeabi_llsl)
c:/program files/microchip/xc32/v2.50/bin/bin/../../lib/gcc/pic32c/6.2.1\libgcc.a(_clzdi2.o)
                              c:/program files/microchip/xc32/v2.50/bin/bin/../../lib/gcc/pic32c/6.2.1\libgcc.a(_udivmoddi4.o) (__clzdi2)
c:/program files/microchip/xc32/v2.50/bin/bin/../../lib/gcc/pic32c/6.2.1\libgcc.a(_clzsi2.o)
                              c:/program files/microchip/xc32/v2.50/bin/bin/../../lib/gcc/pic32c/6.2.1\libgcc.a(_clzdi2.o) (__clzsi2)
c:/program files/microchip/xc32/v2.50/bin/bin/../../lib/gcc/pic32c/6.2.1/../../../../pic32c/lib\libg_nano.a(lib_a-init.o)
                              build/sam_d21_xpro/debug/_ext/128142748/startup_xc32.o (__libc_init_array)
c:/program files/microchip/xc32/v2.50/bin/bin/../../lib/gcc/pic32c/6.2.1/../../../../pic32c/lib\libg_nano.a(lib_a-memcpy-stub.o)
                              build/sam_d21_xpro/debug/_ext/488633594/drv_usbfsv1_device.o (memcpy)
c:/program files/microchip/xc32/v2.50/bin/bin/../../lib/gcc/pic32c/6.2.1/../../../../pic32c/lib\libg_nano.a(lib_a-memset.o)
                              build/sam_d21_xpro/debug/_ext/488633594/drv_usbfsv1_device.o (memset)

Allocating common symbols
Common symbol       size              file

uReadBuffer         0x40              build/sam_d21_xpro/debug/_ext/1360937237/app_sam_d21_xpro.o
gDrvUSBObj          0x134             build/sam_d21_xpro/debug/_ext/488633594/drv_usbfsv1.o
appData             0x74              build/sam_d21_xpro/debug/_ext/1360937237/app_sam_d21_xpro.o
gDrvEP0BufferBank1  0x40              build/sam_d21_xpro/debug/_ext/488633594/drv_usbfsv1_device.o
cPort               0x1840            build/sam_d21_xpro/debug/_ext/1360937237/app_sam_d21_xpro.o
uPort               0x1800            build/sam_d21_xpro/debug/_ext/1360937237/app_sam_d21_xpro.o
sysObj              0x8               build/sam_d21_xpro/debug/_ext/128142748/initialization.o
gUSBDeviceCDCIRP    0x144             build/sam_d21_xpro/debug/_ext/1703922222/usb_device_cdc.o
gUSBDeviceCDCInstance
                    0x40              build/sam_d21_xpro/debug/_ext/1703922222/usb_device_cdc.o
gDrvEP0BufferBank0  0x40              build/sam_d21_xpro/debug/_ext/488633594/drv_usbfsv1_device.o
gUSBDeviceCdcCommonDataObj
                    0x2               build/sam_d21_xpro/debug/_ext/1703922222/usb_device_cdc.o
gDrvUSBEndpointObjects
                    0x30              build/sam_d21_xpro/debug/_ext/488633594/drv_usbfsv1_device.o
dmacChannelObj      0x20              build/sam_d21_xpro/debug/_ext/2097617267/plib_dmac.o
uWriteBuffer        0x200             build/sam_d21_xpro/debug/_ext/1360937237/app_sam_d21_xpro.o

Microchip PIC32 Memory-Usage Report

ROM Program-Memory Usage
section                    address  length [bytes]      (dec)  Description
-------                 ----------  -------------------------  -----------
[...]
Memory Configuration

Name             Origin             Length             Attributes
rom              0x0000000000000000 0x0000000000040000 xrl
ram              0x0000000020000000 0x0000000000008000 xw !r
config_00804000  0x0000000000804000 0x0000000000000004
config_00804004  0x0000000000804004 0x0000000000000004
*default*        0x0000000000000000 0xffffffffffffffff

Linker script and memory map

LOAD c:/program files/microchip/xc32/v2.50/bin/bin/../../lib/gcc/pic32c/6.2.1/crti.o
LOAD c:/program files/microchip/xc32/v2.50/bin/bin/../../lib/gcc/pic32c/6.2.1/crtbegin.o
LOAD build/sam_d21_xpro/debug/_ext/1011596308/bsp.o
LOAD build/sam_d21_xpro/debug/_ext/488633594/drv_usbfsv1.o
LOAD build/sam_d21_xpro/debug/_ext/488633594/drv_usbfsv1_device.o
LOAD build/sam_d21_xpro/debug/_ext/600686086/plib_clock.o
LOAD build/sam_d21_xpro/debug/_ext/2097617267/plib_dmac.o
LOAD build/sam_d21_xpro/debug/_ext/602835572/plib_evsys.o
LOAD build/sam_d21_xpro/debug/_ext/2097924074/plib_nvic.o
LOAD build/sam_d21_xpro/debug/_ext/1104193656/plib_nvmctrl.o
LOAD build/sam_d21_xpro/debug/_ext/2097977225/plib_port.o
LOAD build/sam_d21_xpro/debug/_ext/1136425057/plib_sercom1_usart.o
LOAD build/sam_d21_xpro/debug/_ext/480497801/plib_tc3.o
LOAD build/sam_d21_xpro/debug/_ext/1497164574/xc32_monitor.o
LOAD build/sam_d21_xpro/debug/_ext/189042961/sys_int.o
LOAD build/sam_d21_xpro/debug/_ext/1703922222/usb_device.o
LOAD build/sam_d21_xpro/debug/_ext/1703922222/usb_device_cdc.o
LOAD build/sam_d21_xpro/debug/_ext/1703922222/usb_device_cdc_acm.o
LOAD build/sam_d21_xpro/debug/_ext/128142748/initialization.o
LOAD build/sam_d21_xpro/debug/_ext/128142748/interrupts.o
LOAD build/sam_d21_xpro/debug/_ext/128142748/exceptions.o
LOAD build/sam_d21_xpro/debug/_ext/128142748/startup_xc32.o
LOAD build/sam_d21_xpro/debug/_ext/128142748/libc_syscalls.o
LOAD build/sam_d21_xpro/debug/_ext/128142748/usb_device_init_data.o
LOAD build/sam_d21_xpro/debug/_ext/128142748/tasks.o
LOAD build/sam_d21_xpro/debug/_ext/1360937237/main.o
LOAD build/sam_d21_xpro/debug/_ext/1360937237/app_sam_d21_xpro.o
                0x0000000000000001                __MPLAB_BUILD = 0x1
                0x0000000000040000                __rom_end = (ORIGIN (rom) + LENGTH (rom))
                0x0000000020008000                __ram_end = (ORIGIN (ram) + LENGTH (ram))

.config_00804000
                0x0000000000804000        0x4
 *(.config_00804000)
 .config_00804000
                0x0000000000804000        0x4 build/sam_d21_xpro/debug/_ext/128142748/initialization.o

.config_00804004
                0x0000000000804004        0x4
 *(.config_00804004)
 .config_00804004
                0x0000000000804004        0x4 build/sam_d21_xpro/debug/_ext/128142748/initialization.o

.vectors        0x0000000000000000       0xb0
                0x0000000000000000                . = ALIGN (0x4)
                0x0000000000000000                _sfixed = .
 *(.vectors .vectors.* .vectors_default .vectors_default.*)
 .vectors       0x0000000000000000       0xb0 build/sam_d21_xpro/debug/_ext/128142748/interrupts.o
                0x0000000000000000                exception_table
 *(.isr_vector)
 *(.reset*)
 *(.after_vectors)

.text           0x00000000000000b0       0x20
                0x00000000000000b0                . = ALIGN (0x4)
 *(.glue_7t)
 .glue_7t       0x00000000000000b0        0x0 linker stubs
 *(.glue_7)
 .glue_7        0x00000000000000b0        0x0 linker stubs
 *(.gnu.linkonce.r.*)
 *(.ARM.extab* .gnu.linkonce.armextab.*)
                0x00000000000000b0                . = ALIGN (0x4)
 *(.init)
 .init          0x00000000000000b0        0x4 c:/program files/microchip/xc32/v2.50/bin/bin/../../lib/gcc/pic32c/6.2.1/crti.o
                0x00000000000000b0                _init
 .init          0x00000000000000b4        0x8 c:/program files/microchip/xc32/v2.50/bin/bin/../../lib/gcc/pic32c/6.2.1/crtn.o
                0x00000000000000bc                . = ALIGN (0x4)
                0x00000000000000bc                __preinit_array_start = .
 *(.preinit_array)
                0x00000000000000bc                __preinit_array_end = .
                0x00000000000000bc                . = ALIGN (0x4)
                0x00000000000000bc                __init_array_start = .
 *(SORT(.init_array.*))
 *(.init_array)
 .init_array    0x00000000000000bc        0x4 c:/program files/microchip/xc32/v2.50/bin/bin/../../lib/gcc/pic32c/6.2.1/crtbegin.o
                0x00000000000000c0                __init_array_end = .
                0x00000000000000c0                . = ALIGN (0x4)
 *crtbegin.o(.ctors)
 *(EXCLUDE_FILE(*crtend.o) .ctors)
 *(SORT(.ctors.*))
 *crtend.o(.ctors)
                0x00000000000000c0                . = ALIGN (0x4)
 *(.fini)
 .fini          0x00000000000000c0        0x4 c:/program files/microchip/xc32/v2.50/bin/bin/../../lib/gcc/pic32c/6.2.1/crti.o
                0x00000000000000c0                _fini
 .fini          0x00000000000000c4        0x8 c:/program files/microchip/xc32/v2.50/bin/bin/../../lib/gcc/pic32c/6.2.1/crtn.o
                0x00000000000000cc                . = ALIGN (0x4)
                0x00000000000000cc                __fini_array_start = .
 *(.fini_array)
 .fini_array    0x00000000000000cc        0x4 c:/program files/microchip/xc32/v2.50/bin/bin/../../lib/gcc/pic32c/6.2.1/crtbegin.o
 *(SORT(.fini_array.*))
                0x00000000000000d0                __fini_array_end = .
 *crtbegin.o(.dtors)
 *(EXCLUDE_FILE(*crtend.o) .dtors)
 *(SORT(.dtors.*))
 *crtend.o(.dtors)
                0x00000000000000d0                . = ALIGN (0x4)
                0x00000000000000d0                _efixed = .
                [!provide]                        PROVIDE (__exidx_start, .)

.ARM.exidx      0x00000000000000d0        0x8
 *(.ARM.exidx* .gnu.linkonce.armexidx.*)
 .ARM.exidx     0x00000000000000d0        0x8 c:/program files/microchip/xc32/v2.50/bin/bin/../../lib/gcc/pic32c/6.2.1\libgcc.a(_udivmoddi4.o)
                [!provide]                        PROVIDE (__exidx_end, .)
                0x00000000000000d8                . = ALIGN (0x4)
                0x00000000000000d8                _etext = .

.bss            0x0000000020000000     0x3a00
                0x0000000020000000                . = ALIGN (0x4)
                0x0000000020000000                __bss_start__ = .
                0x0000000020000000                _sbss = .
                0x0000000020000000                _szero = .
 *(COMMON)
 COMMON         0x0000000020000000      0x134 build/sam_d21_xpro/debug/_ext/488633594/drv_usbfsv1.o
                0x0000000020000000                gDrvUSBObj
 COMMON         0x0000000020000134       0xb0 build/sam_d21_xpro/debug/_ext/488633594/drv_usbfsv1_device.o
                0x0000000020000134                gDrvEP0BufferBank1
                0x0000000020000174                gDrvEP0BufferBank0
                0x00000000200001b4                gDrvUSBEndpointObjects
 COMMON         0x00000000200001e4       0x20 build/sam_d21_xpro/debug/_ext/2097617267/plib_dmac.o
                0x00000000200001e4                dmacChannelObj
 COMMON         0x0000000020000204      0x186 build/sam_d21_xpro/debug/_ext/1703922222/usb_device_cdc.o
                0x0000000020000204                gUSBDeviceCDCIRP
                0x0000000020000348                gUSBDeviceCDCInstance
                0x0000000020000388                gUSBDeviceCdcCommonDataObj
 *fill*         0x000000002000038a        0x2 
 COMMON         0x000000002000038c        0x8 build/sam_d21_xpro/debug/_ext/128142748/initialization.o
                0x000000002000038c                sysObj
 *fill*         0x0000000020000394       0x6c 
 COMMON         0x0000000020000400     0x3600 build/sam_d21_xpro/debug/_ext/1360937237/app_sam_d21_xpro.o
                0x0000000020000400                uReadBuffer
                0x0000000020000440                appData
                0x0000000020000600                cPort
                0x0000000020002000                uPort
                0x0000000020003800                uWriteBuffer
                0x0000000020003a00                . = ALIGN (0x4)
                0x0000000020003a00                __bss_end__ = .
                0x0000000020003a00                _ebss = .
                0x0000000020003a00                _ezero = .
                0x0000000020003a00                . = ALIGN (0x4)
                0x0000000020003a00                _end = .
                0x0000000020007fff                _ram_end_ = ((ORIGIN (ram) + LENGTH (ram)) - 0x1)
                0x0000000000000001                __ICD2RAM = 0x1
                0x0000000000000001                __MPLAB_DEBUG = 0x1
                0x0000000000000001                __DEBUG = 0x1
                0x0000000000000200                _min_heap_size = 0x200
START GROUP
LOAD c:/program files/microchip/xc32/v2.50/bin/bin/../../lib/gcc/pic32c/6.2.1/../../../../pic32c/lib\libpic32c.a
LOAD c:/program files/microchip/xc32/v2.50/bin/bin/../../lib/gcc/pic32c/6.2.1\libgcc.a
LOAD c:/program files/microchip/xc32/v2.50/bin/bin/../../lib/gcc/pic32c/6.2.1/../../../../pic32c/lib\libg_nano.a
LOAD c:/program files/microchip/xc32/v2.50/bin/bin/../../lib/gcc/pic32c/6.2.1/../../../../pic32c/lib\libm_nano.a
LOAD c:/program files/microchip/xc32/v2.50/bin/bin/../../lib/gcc/pic32c/6.2.1/../../../../pic32c/lib\libc_nano.a
END GROUP
LOAD c:/program files/microchip/xc32/v2.50/bin/bin/../../lib/gcc/pic32c/6.2.1/crtend.o
LOAD c:/program files/microchip/xc32/v2.50/bin/bin/../../lib/gcc/pic32c/6.2.1/crtn.o
OUTPUT(dist/sam_d21_xpro/debug/sam_d21_xpro.X.debug.elf elf32-littlearm)
LOAD stack
LOAD data_init

.ARM.attributes
                0x0000000000000000       0x2a
 .ARM.attributes
                0x0000000000000000       0x1e c:/program files/microchip/xc32/v2.50/bin/bin/../../lib/gcc/pic32c/6.2.1/crti.o
 .ARM.attributes
                0x000000000000001e       0x2c c:/program files/microchip/xc32/v2.50/bin/bin/../../lib/gcc/pic32c/6.2.1/crtbegin.o
 .ARM.attributes
                0x000000000000004a       0x32 build/sam_d21_xpro/debug/_ext/1011596308/bsp.o
 .ARM.attributes
                0x000000000000007c       0x32 build/sam_d21_xpro/debug/_ext/488633594/drv_usbfsv1.o
 .ARM.attributes
                0x00000000000000ae       0x32 build/sam_d21_xpro/debug/_ext/488633594/drv_usbfsv1_device.o
 .ARM.attributes
                0x00000000000000e0       0x32 build/sam_d21_xpro/debug/_ext/600686086/plib_clock.o
 .ARM.attributes
                0x0000000000000112       0x32 build/sam_d21_xpro/debug/_ext/2097617267/plib_dmac.o
 .ARM.attributes
                0x0000000000000144       0x32 build/sam_d21_xpro/debug/_ext/602835572/plib_evsys.o
 .ARM.attributes
                0x0000000000000176       0x32 build/sam_d21_xpro/debug/_ext/2097924074/plib_nvic.o
 .ARM.attributes
                0x00000000000001a8       0x32 build/sam_d21_xpro/debug/_ext/1104193656/plib_nvmctrl.o
 .ARM.attributes
                0x00000000000001da       0x32 build/sam_d21_xpro/debug/_ext/2097977225/plib_port.o
 .ARM.attributes
                0x000000000000020c       0x32 build/sam_d21_xpro/debug/_ext/1136425057/plib_sercom1_usart.o
 .ARM.attributes
                0x000000000000023e       0x32 build/sam_d21_xpro/debug/_ext/480497801/plib_tc3.o
 .ARM.attributes
                0x0000000000000270       0x32 build/sam_d21_xpro/debug/_ext/189042961/sys_int.o
 .ARM.attributes
                0x00000000000002a2       0x32 build/sam_d21_xpro/debug/_ext/1703922222/usb_device.o
 .ARM.attributes
                0x00000000000002d4       0x32 build/sam_d21_xpro/debug/_ext/1703922222/usb_device_cdc.o
 .ARM.attributes
                0x0000000000000306       0x32 build/sam_d21_xpro/debug/_ext/1703922222/usb_device_cdc_acm.o
 .ARM.attributes
                0x0000000000000338       0x32 build/sam_d21_xpro/debug/_ext/128142748/initialization.o
 .ARM.attributes
                0x000000000000036a       0x32 build/sam_d21_xpro/debug/_ext/128142748/interrupts.o
 .ARM.attributes
                0x000000000000039c       0x32 build/sam_d21_xpro/debug/_ext/128142748/exceptions.o
 .ARM.attributes
                0x00000000000003ce       0x32 build/sam_d21_xpro/debug/_ext/128142748/startup_xc32.o
 .ARM.attributes
                0x0000000000000400       0x32 build/sam_d21_xpro/debug/_ext/128142748/usb_device_init_data.o
 .ARM.attributes
                0x0000000000000432       0x32 build/sam_d21_xpro/debug/_ext/128142748/tasks.o
 .ARM.attributes
                0x0000000000000464       0x32 build/sam_d21_xpro/debug/_ext/1360937237/main.o
 .ARM.attributes
                0x0000000000000496       0x32 build/sam_d21_xpro/debug/_ext/1360937237/app_sam_d21_xpro.o
 .ARM.attributes
                0x00000000000004c8       0x2c c:/program files/microchip/xc32/v2.50/bin/bin/../../lib/gcc/pic32c/6.2.1/../../../../pic32c/lib\libpic32c.a(data_init.o)
 .ARM.attributes
                0x00000000000004f4       0x1e c:/program files/microchip/xc32/v2.50/bin/bin/../../lib/gcc/pic32c/6.2.1\libgcc.a(_udivsi3.o)
 .ARM.attributes
                0x0000000000000512       0x1e c:/program files/microchip/xc32/v2.50/bin/bin/../../lib/gcc/pic32c/6.2.1\libgcc.a(_divsi3.o)
 .ARM.attributes
                0x0000000000000530       0x1e c:/program files/microchip/xc32/v2.50/bin/bin/../../lib/gcc/pic32c/6.2.1\libgcc.a(_dvmd_tls.o)
 .ARM.attributes
                0x000000000000054e       0x1e c:/program files/microchip/xc32/v2.50/bin/bin/../../lib/gcc/pic32c/6.2.1\libgcc.a(_aeabi_uldivmod.o)
 .ARM.attributes
                0x000000000000056c       0x2c c:/program files/microchip/xc32/v2.50/bin/bin/../../lib/gcc/pic32c/6.2.1\libgcc.a(_muldi3.o)
 .ARM.attributes
                0x0000000000000598       0x2c c:/program files/microchip/xc32/v2.50/bin/bin/../../lib/gcc/pic32c/6.2.1\libgcc.a(_udivmoddi4.o)
 .ARM.attributes
                0x00000000000005c4       0x1e c:/program files/microchip/xc32/v2.50/bin/bin/../../lib/gcc/pic32c/6.2.1\libgcc.a(_lshrdi3.o)
 .ARM.attributes
                0x00000000000005e2       0x1e c:/program files/microchip/xc32/v2.50/bin/bin/../../lib/gcc/pic32c/6.2.1\libgcc.a(_ashldi3.o)
 .ARM.attributes
                0x0000000000000600       0x1e c:/program files/microchip/xc32/v2.50/bin/bin/../../lib/gcc/pic32c/6.2.1\libgcc.a(_clzdi2.o)
 .ARM.attributes
                0x000000000000061e       0x1e c:/program files/microchip/xc32/v2.50/bin/bin/../../lib/gcc/pic32c/6.2.1\libgcc.a(_clzsi2.o)
 .ARM.attributes
                0x000000000000063c       0x2c c:/program files/microchip/xc32/v2.50/bin/bin/../../lib/gcc/pic32c/6.2.1/../../../../pic32c/lib\libg_nano.a(lib_a-init.o)
 .ARM.attributes
                0x0000000000000668       0x2c c:/program files/microchip/xc32/v2.50/bin/bin/../../lib/gcc/pic32c/6.2.1/../../../../pic32c/lib\libg_nano.a(lib_a-memcpy-stub.o)
 .ARM.attributes
                0x0000000000000694       0x2c c:/program files/microchip/xc32/v2.50/bin/bin/../../lib/gcc/pic32c/6.2.1/../../../../pic32c/lib\libg_nano.a(lib_a-memset.o)
 .ARM.attributes
                0x00000000000006c0       0x1e c:/program files/microchip/xc32/v2.50/bin/bin/../../lib/gcc/pic32c/6.2.1/crtn.o

.comment        0x0000000000000000       0x3c
 .comment       0x0000000000000000       0x3c c:/program files/microchip/xc32/v2.50/bin/bin/../../lib/gcc/pic32c/6.2.1/crtbegin.o
                                         0x3d (size before relaxing)
 .comment       0x000000000000003c       0x3d build/sam_d21_xpro/debug/_ext/1011596308/bsp.o
 .comment       0x000000000000003c       0x3d build/sam_d21_xpro/debug/_ext/488633594/drv_usbfsv1.o
 .comment       0x000000000000003c       0x3d build/sam_d21_xpro/debug/_ext/488633594/drv_usbfsv1_device.o
 .comment       0x000000000000003c       0x3d build/sam_d21_xpro/debug/_ext/600686086/plib_clock.o
 .comment       0x000000000000003c       0x3d build/sam_d21_xpro/debug/_ext/2097617267/plib_dmac.o
 .comment       0x000000000000003c       0x3d build/sam_d21_xpro/debug/_ext/602835572/plib_evsys.o
 .comment       0x000000000000003c       0x3d build/sam_d21_xpro/debug/_ext/2097924074/plib_nvic.o
 .comment       0x000000000000003c       0x3d build/sam_d21_xpro/debug/_ext/1104193656/plib_nvmctrl.o
 .comment       0x000000000000003c       0x3d build/sam_d21_xpro/debug/_ext/2097977225/plib_port.o
 .comment       0x000000000000003c       0x3d build/sam_d21_xpro/debug/_ext/1136425057/plib_sercom1_usart.o
 .comment       0x000000000000003c       0x3d build/sam_d21_xpro/debug/_ext/480497801/plib_tc3.o
 .comment       0x000000000000003c       0x3d build/sam_d21_xpro/debug/_ext/189042961/sys_int.o
 .comment       0x000000000000003c       0x3d build/sam_d21_xpro/debug/_ext/1703922222/usb_device.o
 .comment       0x000000000000003c       0x3d build/sam_d21_xpro/debug/_ext/1703922222/usb_device_cdc.o
 .comment       0x000000000000003c       0x3d build/sam_d21_xpro/debug/_ext/1703922222/usb_device_cdc_acm.o
 .comment       0x000000000000003c       0x3d build/sam_d21_xpro/debug/_ext/128142748/initialization.o
 .comment       0x000000000000003c       0x3d build/sam_d21_xpro/debug/_ext/128142748/interrupts.o
 .comment       0x000000000000003c       0x3d build/sam_d21_xpro/debug/_ext/128142748/exceptions.o
 .comment       0x000000000000003c       0x3d build/sam_d21_xpro/debug/_ext/128142748/startup_xc32.o
 .comment       0x000000000000003c       0x3d build/sam_d21_xpro/debug/_ext/128142748/usb_device_init_data.o
 .comment       0x000000000000003c       0x3d build/sam_d21_xpro/debug/_ext/128142748/tasks.o
 .comment       0x000000000000003c       0x3d build/sam_d21_xpro/debug/_ext/1360937237/main.o
 .comment       0x000000000000003c       0x3d build/sam_d21_xpro/debug/_ext/1360937237/app_sam_d21_xpro.o
 .comment       0x000000000000003c       0x3d c:/program files/microchip/xc32/v2.50/bin/bin/../../lib/gcc/pic32c/6.2.1/../../../../pic32c/lib\libpic32c.a(data_init.o)
 .comment       0x000000000000003c       0x3d c:/program files/microchip/xc32/v2.50/bin/bin/../../lib/gcc/pic32c/6.2.1\libgcc.a(_muldi3.o)
 .comment       0x000000000000003c       0x3d c:/program files/microchip/xc32/v2.50/bin/bin/../../lib/gcc/pic32c/6.2.1\libgcc.a(_udivmoddi4.o)
 .comment       0x000000000000003c       0x3d c:/program files/microchip/xc32/v2.50/bin/bin/../../lib/gcc/pic32c/6.2.1/../../../../pic32c/lib\libg_nano.a(lib_a-init.o)
 .comment       0x000000000000003c       0x3d c:/program files/microchip/xc32/v2.50/bin/bin/../../lib/gcc/pic32c/6.2.1/../../../../pic32c/lib\libg_nano.a(lib_a-memcpy-stub.o)
 .comment       0x000000000000003c       0x3d c:/program files/microchip/xc32/v2.50/bin/bin/../../lib/gcc/pic32c/6.2.1/../../../../pic32c/lib\libg_nano.a(lib_a-memset.o)

.debug_info     0x0000000000000000    0x47ecf
 .debug_info    0x0000000000000000     0x10a6 build/sam_d21_xpro/debug/_ext/1011596308/bsp.o
 .debug_info    0x00000000000010a6     0x5efe build/sam_d21_xpro/debug/_ext/488633594/drv_usbfsv1.o
 .debug_info    0x0000000000006fa4     0x6c4d build/sam_d21_xpro/debug/_ext/488633594/drv_usbfsv1_device.o
 .debug_info    0x000000000000dbf1      0xa0c build/sam_d21_xpro/debug/_ext/600686086/plib_clock.o
 .debug_info    0x000000000000e5fd     0x18a1 build/sam_d21_xpro/debug/_ext/2097617267/plib_dmac.o
 .debug_info    0x000000000000fe9e      0x4e0 build/sam_d21_xpro/debug/_ext/602835572/plib_evsys.o
 .debug_info    0x000000000001037e      0x871 build/sam_d21_xpro/debug/_ext/2097924074/plib_nvic.o
 .debug_info    0x0000000000010bef     0x132a build/sam_d21_xpro/debug/_ext/1104193656/plib_nvmctrl.o
 .debug_info    0x0000000000011f19      0x7e8 build/sam_d21_xpro/debug/_ext/2097977225/plib_port.o
 .debug_info    0x0000000000012701     0x144a build/sam_d21_xpro/debug/_ext/1136425057/plib_sercom1_usart.o
 .debug_info    0x0000000000013b4b      0xa68 build/sam_d21_xpro/debug/_ext/480497801/plib_tc3.o
 .debug_info    0x00000000000145b3      0x9e5 build/sam_d21_xpro/debug/_ext/189042961/sys_int.o
 .debug_info    0x0000000000014f98     0x63b7 build/sam_d21_xpro/debug/_ext/1703922222/usb_device.o
 .debug_info    0x000000000001b34f     0x43a1 build/sam_d21_xpro/debug/_ext/1703922222/usb_device_cdc.o
 .debug_info    0x000000000001f6f0     0x21f9 build/sam_d21_xpro/debug/_ext/1703922222/usb_device_cdc_acm.o
 .debug_info    0x00000000000218e9     0x49c6 build/sam_d21_xpro/debug/_ext/128142748/initialization.o
 .debug_info    0x00000000000262af     0x3e0f build/sam_d21_xpro/debug/_ext/128142748/interrupts.o
 .debug_info    0x000000000002a0be     0x38ee build/sam_d21_xpro/debug/_ext/128142748/exceptions.o
 .debug_info    0x000000000002d9ac     0x3a5a build/sam_d21_xpro/debug/_ext/128142748/startup_xc32.o
 .debug_info    0x0000000000031406     0x4343 build/sam_d21_xpro/debug/_ext/128142748/usb_device_init_data.o
 .debug_info    0x0000000000035749     0x3902 build/sam_d21_xpro/debug/_ext/128142748/tasks.o
 .debug_info    0x000000000003904b     0x38dd build/sam_d21_xpro/debug/_ext/1360937237/main.o
 .debug_info    0x000000000003c928     0x5f23 build/sam_d21_xpro/debug/_ext/1360937237/app_sam_d21_xpro.o
 .debug_info    0x000000000004284b      0x1f0 c:/program files/microchip/xc32/v2.50/bin/bin/../../lib/gcc/pic32c/6.2.1/../../../../pic32c/lib\libpic32c.a(data_init.o)
 .debug_info    0x0000000000042a3b       0xee c:/program files/microchip/xc32/v2.50/bin/bin/../../lib/gcc/pic32c/6.2.1\libgcc.a(_udivsi3.o)
 .debug_info    0x0000000000042b29       0xee c:/program files/microchip/xc32/v2.50/bin/bin/../../lib/gcc/pic32c/6.2.1\libgcc.a(_divsi3.o)
 .debug_info    0x0000000000042c17       0xee c:/program files/microchip/xc32/v2.50/bin/bin/../../lib/gcc/pic32c/6.2.1\libgcc.a(_dvmd_tls.o)
 .debug_info    0x0000000000042d05       0xee c:/program files/microchip/xc32/v2.50/bin/bin/../../lib/gcc/pic32c/6.2.1\libgcc.a(_aeabi_uldivmod.o)
 .debug_info    0x0000000000042df3     0x13d1 c:/program files/microchip/xc32/v2.50/bin/bin/../../lib/gcc/pic32c/6.2.1\libgcc.a(_muldi3.o)
 .debug_info    0x00000000000441c4     0x132c c:/program files/microchip/xc32/v2.50/bin/bin/../../lib/gcc/pic32c/6.2.1\libgcc.a(_udivmoddi4.o)
 .debug_info    0x00000000000454f0       0xee c:/program files/microchip/xc32/v2.50/bin/bin/../../lib/gcc/pic32c/6.2.1\libgcc.a(_lshrdi3.o)
 .debug_info    0x00000000000455de       0xee c:/program files/microchip/xc32/v2.50/bin/bin/../../lib/gcc/pic32c/6.2.1\libgcc.a(_ashldi3.o)
 .debug_info    0x00000000000456cc       0xee c:/program files/microchip/xc32/v2.50/bin/bin/../../lib/gcc/pic32c/6.2.1\libgcc.a(_clzdi2.o)
 .debug_info    0x00000000000457ba       0xee c:/program files/microchip/xc32/v2.50/bin/bin/../../lib/gcc/pic32c/6.2.1\libgcc.a(_clzsi2.o)
 .debug_info    0x00000000000458a8      0x36a c:/program files/microchip/xc32/v2.50/bin/bin/../../lib/gcc/pic32c/6.2.1/../../../../pic32c/lib\libg_nano.a(lib_a-init.o)
 .debug_info    0x0000000000045c12      0xdc4 c:/program files/microchip/xc32/v2.50/bin/bin/../../lib/gcc/pic32c/6.2.1/../../../../pic32c/lib\libg_nano.a(lib_a-memcpy-stub.o)
 .debug_info    0x00000000000469d6     0x14f9 c:/program files/microchip/xc32/v2.50/bin/bin/../../lib/gcc/pic32c/6.2.1/../../../../pic32c/lib\libg_nano.a(lib_a-memset.o)

.debug_abbrev   0x0000000000000000     0x4227
 .debug_abbrev  0x0000000000000000      0x1a3 build/sam_d21_xpro/debug/_ext/1011596308/bsp.o
 .debug_abbrev  0x00000000000001a3      0x44a build/sam_d21_xpro/debug/_ext/488633594/drv_usbfsv1.o
 .debug_abbrev  0x00000000000005ed      0x534 build/sam_d21_xpro/debug/_ext/488633594/drv_usbfsv1_device.o
 .debug_abbrev  0x0000000000000b21       0xda build/sam_d21_xpro/debug/_ext/600686086/plib_clock.o
 .debug_abbrev  0x0000000000000bfb      0x347 build/sam_d21_xpro/debug/_ext/2097617267/plib_dmac.o
 .debug_abbrev  0x0000000000000f42       0x8f build/sam_d21_xpro/debug/_ext/602835572/plib_evsys.o
 .debug_abbrev  0x0000000000000fd1      0x144 build/sam_d21_xpro/debug/_ext/2097924074/plib_nvic.o
 .debug_abbrev  0x0000000000001115      0x26a build/sam_d21_xpro/debug/_ext/1104193656/plib_nvmctrl.o
 .debug_abbrev  0x000000000000137f      0x14f build/sam_d21_xpro/debug/_ext/2097977225/plib_port.o
 .debug_abbrev  0x00000000000014ce      0x29e build/sam_d21_xpro/debug/_ext/1136425057/plib_sercom1_usart.o
 .debug_abbrev  0x000000000000176c      0x14d build/sam_d21_xpro/debug/_ext/480497801/plib_tc3.o
 .debug_abbrev  0x00000000000018b9      0x1df build/sam_d21_xpro/debug/_ext/189042961/sys_int.o
 .debug_abbrev  0x0000000000001a98      0x4e3 build/sam_d21_xpro/debug/_ext/1703922222/usb_device.o
 .debug_abbrev  0x0000000000001f7b      0x4e3 build/sam_d21_xpro/debug/_ext/1703922222/usb_device_cdc.o
 .debug_abbrev  0x000000000000245e      0x239 build/sam_d21_xpro/debug/_ext/1703922222/usb_device_cdc_acm.o
 .debug_abbrev  0x0000000000002697      0x2fd build/sam_d21_xpro/debug/_ext/128142748/initialization.o
 .debug_abbrev  0x0000000000002994      0x23a build/sam_d21_xpro/debug/_ext/128142748/interrupts.o
 .debug_abbrev  0x0000000000002bce      0x229 build/sam_d21_xpro/debug/_ext/128142748/exceptions.o
 .debug_abbrev  0x0000000000002df7      0x26e build/sam_d21_xpro/debug/_ext/128142748/startup_xc32.o
 .debug_abbrev  0x0000000000003065      0x259 build/sam_d21_xpro/debug/_ext/128142748/usb_device_init_data.o
 .debug_abbrev  0x00000000000032be      0x245 build/sam_d21_xpro/debug/_ext/128142748/tasks.o
 .debug_abbrev  0x0000000000003503      0x260 build/sam_d21_xpro/debug/_ext/1360937237/main.o
 .debug_abbrev  0x0000000000003763      0x3ba build/sam_d21_xpro/debug/_ext/1360937237/app_sam_d21_xpro.o
 .debug_abbrev  0x0000000000003b1d       0x2a c:/program files/microchip/xc32/v2.50/bin/bin/../../lib/gcc/pic32c/6.2.1/../../../../pic32c/lib\libpic32c.a(data_init.o)
 .debug_abbrev  0x0000000000003b47       0x14 c:/program files/microchip/xc32/v2.50/bin/bin/../../lib/gcc/pic32c/6.2.1\libgcc.a(_udivsi3.o)
 .debug_abbrev  0x0000000000003b5b       0x14 c:/program files/microchip/xc32/v2.50/bin/bin/../../lib/gcc/pic32c/6.2.1\libgcc.a(_divsi3.o)
 .debug_abbrev  0x0000000000003b6f       0x14 c:/program files/microchip/xc32/v2.50/bin/bin/../../lib/gcc/pic32c/6.2.1\libgcc.a(_dvmd_tls.o)
 .debug_abbrev  0x0000000000003b83       0x14 c:/program files/microchip/xc32/v2.50/bin/bin/../../lib/gcc/pic32c/6.2.1\libgcc.a(_aeabi_uldivmod.o)
 .debug_abbrev  0x0000000000003b97      0x176 c:/program files/microchip/xc32/v2.50/bin/bin/../../lib/gcc/pic32c/6.2.1\libgcc.a(_muldi3.o)
 .debug_abbrev  0x0000000000003d0d      0x13b c:/program files/microchip/xc32/v2.50/bin/bin/../../lib/gcc/pic32c/6.2.1\libgcc.a(_udivmoddi4.o)
 .debug_abbrev  0x0000000000003e48       0x14 c:/program files/microchip/xc32/v2.50/bin/bin/../../lib/gcc/pic32c/6.2.1\libgcc.a(_lshrdi3.o)
 .debug_abbrev  0x0000000000003e5c       0x14 c:/program files/microchip/xc32/v2.50/bin/bin/../../lib/gcc/pic32c/6.2.1\libgcc.a(_ashldi3.o)
 .debug_abbrev  0x0000000000003e70       0x14 c:/program files/microchip/xc32/v2.50/bin/bin/../../lib/gcc/pic32c/6.2.1\libgcc.a(_clzdi2.o)
 .debug_abbrev  0x0000000000003e84       0x14 c:/program files/microchip/xc32/v2.50/bin/bin/../../lib/gcc/pic32c/6.2.1\libgcc.a(_clzsi2.o)
 .debug_abbrev  0x0000000000003e98       0xa3 c:/program files/microchip/xc32/v2.50/bin/bin/../../lib/gcc/pic32c/6.2.1/../../../../pic32c/lib\libg_nano.a(lib_a-init.o)
 .debug_abbrev  0x0000000000003f3b      0x17c c:/program files/microchip/xc32/v2.50/bin/bin/../../lib/gcc/pic32c/6.2.1/../../../../pic32c/lib\libg_nano.a(lib_a-memcpy-stub.o)
 .debug_abbrev  0x00000000000040b7      0x170 c:/program files/microchip/xc32/v2.50/bin/bin/../../lib/gcc/pic32c/6.2.1/../../../../pic32c/lib\libg_nano.a(lib_a-memset.o)

.debug_aranges  0x0000000000000000      0x960
 .debug_aranges
                0x0000000000000000       0x20 build/sam_d21_xpro/debug/_ext/1011596308/bsp.o
 .debug_aranges
                0x0000000000000020       0x80 build/sam_d21_xpro/debug/_ext/488633594/drv_usbfsv1.o
 .debug_aranges
                0x00000000000000a0       0xb8 build/sam_d21_xpro/debug/_ext/488633594/drv_usbfsv1_device.o
 .debug_aranges
                0x0000000000000158       0x20 build/sam_d21_xpro/debug/_ext/600686086/plib_clock.o
 .debug_aranges
                0x0000000000000178       0x60 build/sam_d21_xpro/debug/_ext/2097617267/plib_dmac.o
 .debug_aranges
                0x00000000000001d8       0x20 build/sam_d21_xpro/debug/_ext/602835572/plib_evsys.o
 .debug_aranges
                0x00000000000001f8       0x20 build/sam_d21_xpro/debug/_ext/2097924074/plib_nvic.o
 .debug_aranges
                0x0000000000000218       0x60 build/sam_d21_xpro/debug/_ext/1104193656/plib_nvmctrl.o
 .debug_aranges
                0x0000000000000278       0x60 build/sam_d21_xpro/debug/_ext/2097977225/plib_port.o
 .debug_aranges
                0x00000000000002d8       0x90 build/sam_d21_xpro/debug/_ext/1136425057/plib_sercom1_usart.o
 .debug_aranges
                0x0000000000000368       0x68 build/sam_d21_xpro/debug/_ext/480497801/plib_tc3.o
 .debug_aranges
                0x00000000000003d0       0x40 build/sam_d21_xpro/debug/_ext/189042961/sys_int.o
 .debug_aranges
                0x0000000000000410      0x1a0 build/sam_d21_xpro/debug/_ext/1703922222/usb_device.o
 .debug_aranges
                0x00000000000005b0       0x88 build/sam_d21_xpro/debug/_ext/1703922222/usb_device_cdc.o
 .debug_aranges
                0x0000000000000638       0x20 build/sam_d21_xpro/debug/_ext/1703922222/usb_device_cdc_acm.o
 .debug_aranges
                0x0000000000000658       0x28 build/sam_d21_xpro/debug/_ext/128142748/initialization.o
 .debug_aranges
                0x0000000000000680       0x20 build/sam_d21_xpro/debug/_ext/128142748/interrupts.o
 .debug_aranges
                0x00000000000006a0       0x28 build/sam_d21_xpro/debug/_ext/128142748/exceptions.o
 .debug_aranges
                0x00000000000006c8       0x20 build/sam_d21_xpro/debug/_ext/128142748/startup_xc32.o
 .debug_aranges
                0x00000000000006e8       0x18 build/sam_d21_xpro/debug/_ext/128142748/usb_device_init_data.o
 .debug_aranges
                0x0000000000000700       0x20 build/sam_d21_xpro/debug/_ext/128142748/tasks.o
 .debug_aranges
                0x0000000000000720       0x20 build/sam_d21_xpro/debug/_ext/1360937237/main.o
 .debug_aranges
                0x0000000000000740       0x60 build/sam_d21_xpro/debug/_ext/1360937237/app_sam_d21_xpro.o
 .debug_aranges
                0x00000000000007a0       0x20 c:/program files/microchip/xc32/v2.50/bin/bin/../../lib/gcc/pic32c/6.2.1/../../../../pic32c/lib\libpic32c.a(data_init.o)
 .debug_aranges
                0x00000000000007c0       0x20 c:/program files/microchip/xc32/v2.50/bin/bin/../../lib/gcc/pic32c/6.2.1\libgcc.a(_udivsi3.o)
 .debug_aranges
                0x00000000000007e0       0x20 c:/program files/microchip/xc32/v2.50/bin/bin/../../lib/gcc/pic32c/6.2.1\libgcc.a(_divsi3.o)
 .debug_aranges
                0x0000000000000800       0x20 c:/program files/microchip/xc32/v2.50/bin/bin/../../lib/gcc/pic32c/6.2.1\libgcc.a(_dvmd_tls.o)
 .debug_aranges
                0x0000000000000820       0x20 c:/program files/microchip/xc32/v2.50/bin/bin/../../lib/gcc/pic32c/6.2.1\libgcc.a(_aeabi_uldivmod.o)
 .debug_aranges
                0x0000000000000840       0x20 c:/program files/microchip/xc32/v2.50/bin/bin/../../lib/gcc/pic32c/6.2.1\libgcc.a(_muldi3.o)
 .debug_aranges
                0x0000000000000860       0x20 c:/program files/microchip/xc32/v2.50/bin/bin/../../lib/gcc/pic32c/6.2.1\libgcc.a(_udivmoddi4.o)
 .debug_aranges
                0x0000000000000880       0x20 c:/program files/microchip/xc32/v2.50/bin/bin/../../lib/gcc/pic32c/6.2.1\libgcc.a(_lshrdi3.o)
 .debug_aranges
                0x00000000000008a0       0x20 c:/program files/microchip/xc32/v2.50/bin/bin/../../lib/gcc/pic32c/6.2.1\libgcc.a(_ashldi3.o)
 .debug_aranges
                0x00000000000008c0       0x20 c:/program files/microchip/xc32/v2.50/bin/bin/../../lib/gcc/pic32c/6.2.1\libgcc.a(_clzdi2.o)
 .debug_aranges
                0x00000000000008e0       0x20 c:/program files/microchip/xc32/v2.50/bin/bin/../../lib/gcc/pic32c/6.2.1\libgcc.a(_clzsi2.o)
 .debug_aranges
                0x0000000000000900       0x20 c:/program files/microchip/xc32/v2.50/bin/bin/../../lib/gcc/pic32c/6.2.1/../../../../pic32c/lib\libg_nano.a(lib_a-init.o)
 .debug_aranges
                0x0000000000000920       0x20 c:/program files/microchip/xc32/v2.50/bin/bin/../../lib/gcc/pic32c/6.2.1/../../../../pic32c/lib\libg_nano.a(lib_a-memcpy-stub.o)
 .debug_aranges
                0x0000000000000940       0x20 c:/program files/microchip/xc32/v2.50/bin/bin/../../lib/gcc/pic32c/6.2.1/../../../../pic32c/lib\libg_nano.a(lib_a-memset.o)

.debug_ranges   0x0000000000000000      0x7b0
 .debug_ranges  0x0000000000000000       0x10 build/sam_d21_xpro/debug/_ext/1011596308/bsp.o
 .debug_ranges  0x0000000000000010       0x70 build/sam_d21_xpro/debug/_ext/488633594/drv_usbfsv1.o
 .debug_ranges  0x0000000000000080      0x168 build/sam_d21_xpro/debug/_ext/488633594/drv_usbfsv1_device.o
 .debug_ranges  0x00000000000001e8       0x10 build/sam_d21_xpro/debug/_ext/600686086/plib_clock.o
 .debug_ranges  0x00000000000001f8       0x68 build/sam_d21_xpro/debug/_ext/2097617267/plib_dmac.o
 .debug_ranges  0x0000000000000260       0x10 build/sam_d21_xpro/debug/_ext/602835572/plib_evsys.o
 .debug_ranges  0x0000000000000270       0x10 build/sam_d21_xpro/debug/_ext/2097924074/plib_nvic.o
 .debug_ranges  0x0000000000000280       0x50 build/sam_d21_xpro/debug/_ext/1104193656/plib_nvmctrl.o
 .debug_ranges  0x00000000000002d0       0x50 build/sam_d21_xpro/debug/_ext/2097977225/plib_port.o
 .debug_ranges  0x0000000000000320       0x80 build/sam_d21_xpro/debug/_ext/1136425057/plib_sercom1_usart.o
 .debug_ranges  0x00000000000003a0       0x58 build/sam_d21_xpro/debug/_ext/480497801/plib_tc3.o
 .debug_ranges  0x00000000000003f8       0x30 build/sam_d21_xpro/debug/_ext/189042961/sys_int.o
 .debug_ranges  0x0000000000000428      0x190 build/sam_d21_xpro/debug/_ext/1703922222/usb_device.o
 .debug_ranges  0x00000000000005b8       0xc0 build/sam_d21_xpro/debug/_ext/1703922222/usb_device_cdc.o
 .debug_ranges  0x0000000000000678       0x10 build/sam_d21_xpro/debug/_ext/1703922222/usb_device_cdc_acm.o
 .debug_ranges  0x0000000000000688       0x18 build/sam_d21_xpro/debug/_ext/128142748/initialization.o
 .debug_ranges  0x00000000000006a0       0x10 build/sam_d21_xpro/debug/_ext/128142748/interrupts.o
 .debug_ranges  0x00000000000006b0       0x18 build/sam_d21_xpro/debug/_ext/128142748/exceptions.o
 .debug_ranges  0x00000000000006c8       0x10 build/sam_d21_xpro/debug/_ext/128142748/startup_xc32.o
 .debug_ranges  0x00000000000006d8       0x10 build/sam_d21_xpro/debug/_ext/128142748/tasks.o
 .debug_ranges  0x00000000000006e8       0x10 build/sam_d21_xpro/debug/_ext/1360937237/main.o
 .debug_ranges  0x00000000000006f8       0x50 build/sam_d21_xpro/debug/_ext/1360937237/app_sam_d21_xpro.o
 .debug_ranges  0x0000000000000748       0x10 c:/program files/microchip/xc32/v2.50/bin/bin/../../lib/gcc/pic32c/6.2.1/../../../../pic32c/lib\libpic32c.a(data_init.o)
 .debug_ranges  0x0000000000000758       0x28 c:/program files/microchip/xc32/v2.50/bin/bin/../../lib/gcc/pic32c/6.2.1\libgcc.a(_muldi3.o)
 .debug_ranges  0x0000000000000780       0x10 c:/program files/microchip/xc32/v2.50/bin/bin/../../lib/gcc/pic32c/6.2.1/../../../../pic32c/lib\libg_nano.a(lib_a-init.o)
 .debug_ranges  0x0000000000000790       0x10 c:/program files/microchip/xc32/v2.50/bin/bin/../../lib/gcc/pic32c/6.2.1/../../../../pic32c/lib\libg_nano.a(lib_a-memcpy-stub.o)
 .debug_ranges  0x00000000000007a0       0x10 c:/program files/microchip/xc32/v2.50/bin/bin/../../lib/gcc/pic32c/6.2.1/../../../../pic32c/lib\libg_nano.a(lib_a-memset.o)

.debug_line     0x0000000000000000     0x70b4
 .debug_line    0x0000000000000000      0x1d1 build/sam_d21_xpro/debug/_ext/1011596308/bsp.o
 .debug_line    0x00000000000001d1      0x692 build/sam_d21_xpro/debug/_ext/488633594/drv_usbfsv1.o
 .debug_line    0x0000000000000863      0xb43 build/sam_d21_xpro/debug/_ext/488633594/drv_usbfsv1_device.o
 .debug_line    0x00000000000013a6      0x164 build/sam_d21_xpro/debug/_ext/600686086/plib_clock.o
 .debug_line    0x000000000000150a      0x290 build/sam_d21_xpro/debug/_ext/2097617267/plib_dmac.o
 .debug_line    0x000000000000179a      0x135 build/sam_d21_xpro/debug/_ext/602835572/plib_evsys.o
 .debug_line    0x00000000000018cf      0x19a build/sam_d21_xpro/debug/_ext/2097924074/plib_nvic.o
 .debug_line    0x0000000000001a69      0x25a build/sam_d21_xpro/debug/_ext/1104193656/plib_nvmctrl.o
 .debug_line    0x0000000000001cc3      0x1dc build/sam_d21_xpro/debug/_ext/2097977225/plib_port.o
 .debug_line    0x0000000000001e9f      0x315 build/sam_d21_xpro/debug/_ext/1136425057/plib_sercom1_usart.o
 .debug_line    0x00000000000021b4      0x207 build/sam_d21_xpro/debug/_ext/480497801/plib_tc3.o
 .debug_line    0x00000000000023bb      0x25c build/sam_d21_xpro/debug/_ext/189042961/sys_int.o
 .debug_line    0x0000000000002617      0xa0d build/sam_d21_xpro/debug/_ext/1703922222/usb_device.o
 .debug_line    0x0000000000003024      0x60b build/sam_d21_xpro/debug/_ext/1703922222/usb_device_cdc.o
 .debug_line    0x000000000000362f      0x25e build/sam_d21_xpro/debug/_ext/1703922222/usb_device_cdc_acm.o
 .debug_line    0x000000000000388d      0x694 build/sam_d21_xpro/debug/_ext/128142748/initialization.o
 .debug_line    0x0000000000003f21      0x3fa build/sam_d21_xpro/debug/_ext/128142748/interrupts.o
 .debug_line    0x000000000000431b      0x40b build/sam_d21_xpro/debug/_ext/128142748/exceptions.o
 .debug_line    0x0000000000004726      0x452 build/sam_d21_xpro/debug/_ext/128142748/startup_xc32.o
 .debug_line    0x0000000000004b78      0x401 build/sam_d21_xpro/debug/_ext/128142748/usb_device_init_data.o
 .debug_line    0x0000000000004f79      0x40b build/sam_d21_xpro/debug/_ext/128142748/tasks.o
 .debug_line    0x0000000000005384      0x3fc build/sam_d21_xpro/debug/_ext/1360937237/main.o
 .debug_line    0x0000000000005780      0x7cd build/sam_d21_xpro/debug/_ext/1360937237/app_sam_d21_xpro.o
 .debug_line    0x0000000000005f4d       0xe3 c:/program files/microchip/xc32/v2.50/bin/bin/../../lib/gcc/pic32c/6.2.1/../../../../pic32c/lib\libpic32c.a(data_init.o)
 .debug_line    0x0000000000006030       0xb3 c:/program files/microchip/xc32/v2.50/bin/bin/../../lib/gcc/pic32c/6.2.1\libgcc.a(_udivsi3.o)
 .debug_line    0x00000000000060e3       0xc1 c:/program files/microchip/xc32/v2.50/bin/bin/../../lib/gcc/pic32c/6.2.1\libgcc.a(_divsi3.o)
 .debug_line    0x00000000000061a4       0x9c c:/program files/microchip/xc32/v2.50/bin/bin/../../lib/gcc/pic32c/6.2.1\libgcc.a(_dvmd_tls.o)
 .debug_line    0x0000000000006240       0xa7 c:/program files/microchip/xc32/v2.50/bin/bin/../../lib/gcc/pic32c/6.2.1\libgcc.a(_aeabi_uldivmod.o)
 .debug_line    0x00000000000062e7      0x296 c:/program files/microchip/xc32/v2.50/bin/bin/../../lib/gcc/pic32c/6.2.1\libgcc.a(_muldi3.o)
 .debug_line    0x000000000000657d      0x2b2 c:/program files/microchip/xc32/v2.50/bin/bin/../../lib/gcc/pic32c/6.2.1\libgcc.a(_udivmoddi4.o)
 .debug_line    0x000000000000682f       0xa7 c:/program files/microchip/xc32/v2.50/bin/bin/../../lib/gcc/pic32c/6.2.1\libgcc.a(_lshrdi3.o)
 .debug_line    0x00000000000068d6       0xa7 c:/program files/microchip/xc32/v2.50/bin/bin/../../lib/gcc/pic32c/6.2.1\libgcc.a(_ashldi3.o)
 .debug_line    0x000000000000697d       0xa6 c:/program files/microchip/xc32/v2.50/bin/bin/../../lib/gcc/pic32c/6.2.1\libgcc.a(_clzdi2.o)
 .debug_line    0x0000000000006a23       0xb0 c:/program files/microchip/xc32/v2.50/bin/bin/../../lib/gcc/pic32c/6.2.1\libgcc.a(_clzsi2.o)
 .debug_line    0x0000000000006ad3      0x118 c:/program files/microchip/xc32/v2.50/bin/bin/../../lib/gcc/pic32c/6.2.1/../../../../pic32c/lib\libg_nano.a(lib_a-init.o)
 .debug_line    0x0000000000006beb      0x21c c:/program files/microchip/xc32/v2.50/bin/bin/../../lib/gcc/pic32c/6.2.1/../../../../pic32c/lib\libg_nano.a(lib_a-memcpy-stub.o)
 .debug_line    0x0000000000006e07      0x2ad c:/program files/microchip/xc32/v2.50/bin/bin/../../lib/gcc/pic32c/6.2.1/../../../../pic32c/lib\libg_nano.a(lib_a-memset.o)

.debug_str      0x0000000000000000     0x19d9
 .debug_str     0x0000000000000000        0xe build/sam_d21_xpro/debug/_ext/1011596308/bsp.o
 .debug_str     0x000000000000000e      0x333 build/sam_d21_xpro/debug/_ext/488633594/drv_usbfsv1.o
 .debug_str     0x0000000000000341      0x302 build/sam_d21_xpro/debug/_ext/488633594/drv_usbfsv1_device.o
 .debug_str     0x0000000000000643       0x28 build/sam_d21_xpro/debug/_ext/600686086/plib_clock.o
 .debug_str     0x000000000000066b       0x3f build/sam_d21_xpro/debug/_ext/2097617267/plib_dmac.o
 .debug_str     0x00000000000006aa        0x0 build/sam_d21_xpro/debug/_ext/602835572/plib_evsys.o
 .debug_str     0x00000000000006aa        0xa build/sam_d21_xpro/debug/_ext/2097924074/plib_nvic.o
 .debug_str     0x00000000000006b4       0x16 build/sam_d21_xpro/debug/_ext/1104193656/plib_nvmctrl.o
 .debug_str     0x00000000000006ca        0xb build/sam_d21_xpro/debug/_ext/2097977225/plib_port.o
 .debug_str     0x00000000000006d5      0x102 build/sam_d21_xpro/debug/_ext/1136425057/plib_sercom1_usart.o
 .debug_str     0x00000000000007d7       0x9e build/sam_d21_xpro/debug/_ext/480497801/plib_tc3.o
 .debug_str     0x0000000000000875       0x10 build/sam_d21_xpro/debug/_ext/189042961/sys_int.o
 .debug_str     0x0000000000000885      0x2da build/sam_d21_xpro/debug/_ext/1703922222/usb_device.o
 .debug_str     0x0000000000000b5f      0x1ef build/sam_d21_xpro/debug/_ext/1703922222/usb_device_cdc.o
 .debug_str     0x0000000000000d4e       0x35 build/sam_d21_xpro/debug/_ext/1703922222/usb_device_cdc_acm.o
 .debug_str     0x0000000000000d83      0x2a2 build/sam_d21_xpro/debug/_ext/128142748/initialization.o
 .debug_str     0x0000000000001025       0xaa build/sam_d21_xpro/debug/_ext/128142748/interrupts.o
 .debug_str     0x00000000000010cf       0xaa build/sam_d21_xpro/debug/_ext/128142748/exceptions.o
 .debug_str     0x0000000000001179      0x115 build/sam_d21_xpro/debug/_ext/128142748/startup_xc32.o
 .debug_str     0x000000000000128e       0xe7 build/sam_d21_xpro/debug/_ext/128142748/usb_device_init_data.o
 .debug_str     0x0000000000001375       0xd7 build/sam_d21_xpro/debug/_ext/128142748/tasks.o
 .debug_str     0x000000000000144c       0xc3 build/sam_d21_xpro/debug/_ext/1360937237/main.o
 .debug_str     0x000000000000150f      0x3ad build/sam_d21_xpro/debug/_ext/1360937237/app_sam_d21_xpro.o
 .debug_str     0x00000000000018bc        0x0 c:/program files/microchip/xc32/v2.50/bin/bin/../../lib/gcc/pic32c/6.2.1/../../../../pic32c/lib\libpic32c.a(data_init.o)
 .debug_str     0x00000000000018bc        0x0 c:/program files/microchip/xc32/v2.50/bin/bin/../../lib/gcc/pic32c/6.2.1\libgcc.a(_muldi3.o)
 .debug_str     0x00000000000018bc        0x0 c:/program files/microchip/xc32/v2.50/bin/bin/../../lib/gcc/pic32c/6.2.1\libgcc.a(_udivmoddi4.o)
 .debug_str     0x00000000000018bc        0x0 c:/program files/microchip/xc32/v2.50/bin/bin/../../lib/gcc/pic32c/6.2.1/../../../../pic32c/lib\libg_nano.a(lib_a-init.o)
 .debug_str     0x00000000000018bc        0x9 c:/program files/microchip/xc32/v2.50/bin/bin/../../lib/gcc/pic32c/6.2.1/../../../../pic32c/lib\libg_nano.a(lib_a-memcpy-stub.o)
 .debug_str     0x00000000000018c5      0x114 c:/program files/microchip/xc32/v2.50/bin/bin/../../lib/gcc/pic32c/6.2.1/../../../../pic32c/lib\libg_nano.a(lib_a-memset.o)

.debug_frame    0x0000000000000000     0x1220
 .debug_frame   0x0000000000000000       0x20 build/sam_d21_xpro/debug/_ext/1011596308/bsp.o
 .debug_frame   0x0000000000000020      0x128 build/sam_d21_xpro/debug/_ext/488633594/drv_usbfsv1.o
 .debug_frame   0x0000000000000148      0x218 build/sam_d21_xpro/debug/_ext/488633594/drv_usbfsv1_device.o
 .debug_frame   0x0000000000000360       0x20 build/sam_d21_xpro/debug/_ext/600686086/plib_clock.o
 .debug_frame   0x0000000000000380       0xdc build/sam_d21_xpro/debug/_ext/2097617267/plib_dmac.o
 .debug_frame   0x000000000000045c       0x20 build/sam_d21_xpro/debug/_ext/602835572/plib_evsys.o
 .debug_frame   0x000000000000047c       0x20 build/sam_d21_xpro/debug/_ext/2097924074/plib_nvic.o
 .debug_frame   0x000000000000049c       0xb0 build/sam_d21_xpro/debug/_ext/1104193656/plib_nvmctrl.o
 .debug_frame   0x000000000000054c       0xa0 build/sam_d21_xpro/debug/_ext/2097977225/plib_port.o
 .debug_frame   0x00000000000005ec      0x124 build/sam_d21_xpro/debug/_ext/1136425057/plib_sercom1_usart.o
 .debug_frame   0x0000000000000710       0xb0 build/sam_d21_xpro/debug/_ext/480497801/plib_tc3.o
 .debug_frame   0x00000000000007c0       0x6c build/sam_d21_xpro/debug/_ext/189042961/sys_int.o
 .debug_frame   0x000000000000082c      0x520 build/sam_d21_xpro/debug/_ext/1703922222/usb_device.o
 .debug_frame   0x0000000000000d4c      0x174 build/sam_d21_xpro/debug/_ext/1703922222/usb_device_cdc.o
 .debug_frame   0x0000000000000ec0       0x28 build/sam_d21_xpro/debug/_ext/1703922222/usb_device_cdc_acm.o
 .debug_frame   0x0000000000000ee8       0x38 build/sam_d21_xpro/debug/_ext/128142748/initialization.o
 .debug_frame   0x0000000000000f20       0x20 build/sam_d21_xpro/debug/_ext/128142748/interrupts.o
 .debug_frame   0x0000000000000f40       0x30 build/sam_d21_xpro/debug/_ext/128142748/exceptions.o
 .debug_frame   0x0000000000000f70       0x28 build/sam_d21_xpro/debug/_ext/128142748/startup_xc32.o
 .debug_frame   0x0000000000000f98       0x28 build/sam_d21_xpro/debug/_ext/128142748/tasks.o
 .debug_frame   0x0000000000000fc0       0x28 build/sam_d21_xpro/debug/_ext/1360937237/main.o
 .debug_frame   0x0000000000000fe8       0xf4 build/sam_d21_xpro/debug/_ext/1360937237/app_sam_d21_xpro.o
 .debug_frame   0x00000000000010dc       0x2c c:/program files/microchip/xc32/v2.50/bin/bin/../../lib/gcc/pic32c/6.2.1/../../../../pic32c/lib\libpic32c.a(data_init.o)
 .debug_frame   0x0000000000001108       0x20 c:/program files/microchip/xc32/v2.50/bin/bin/../../lib/gcc/pic32c/6.2.1\libgcc.a(_udivsi3.o)
 .debug_frame   0x0000000000001128       0x20 c:/program files/microchip/xc32/v2.50/bin/bin/../../lib/gcc/pic32c/6.2.1\libgcc.a(_divsi3.o)
 .debug_frame   0x0000000000001148       0x34 c:/program files/microchip/xc32/v2.50/bin/bin/../../lib/gcc/pic32c/6.2.1\libgcc.a(_muldi3.o)
 .debug_frame   0x000000000000117c       0x30 c:/program files/microchip/xc32/v2.50/bin/bin/../../lib/gcc/pic32c/6.2.1\libgcc.a(_udivmoddi4.o)
 .debug_frame   0x00000000000011ac       0x2c c:/program files/microchip/xc32/v2.50/bin/bin/../../lib/gcc/pic32c/6.2.1/../../../../pic32c/lib\libg_nano.a(lib_a-init.o)
 .debug_frame   0x00000000000011d8       0x28 c:/program files/microchip/xc32/v2.50/bin/bin/../../lib/gcc/pic32c/6.2.1/../../../../pic32c/lib\libg_nano.a(lib_a-memcpy-stub.o)
 .debug_frame   0x0000000000001200       0x20 c:/program files/microchip/xc32/v2.50/bin/bin/../../lib/gcc/pic32c/6.2.1/../../../../pic32c/lib\libg_nano.a(lib_a-memset.o)

.debug_loc      0x0000000000000000     0x84f5
 .debug_loc     0x0000000000000000      0x6c9 build/sam_d21_xpro/debug/_ext/488633594/drv_usbfsv1.o
 .debug_loc     0x00000000000006c9     0x23d4 build/sam_d21_xpro/debug/_ext/488633594/drv_usbfsv1_device.o
 .debug_loc     0x0000000000002a9d      0x4a7 build/sam_d21_xpro/debug/_ext/2097617267/plib_dmac.o
 .debug_loc     0x0000000000002f44       0x78 build/sam_d21_xpro/debug/_ext/2097924074/plib_nvic.o
 .debug_loc     0x0000000000002fbc      0x1aa build/sam_d21_xpro/debug/_ext/1104193656/plib_nvmctrl.o
 .debug_loc     0x0000000000003166       0x84 build/sam_d21_xpro/debug/_ext/2097977225/plib_port.o
 .debug_loc     0x00000000000031ea      0x5b8 build/sam_d21_xpro/debug/_ext/1136425057/plib_sercom1_usart.o
 .debug_loc     0x00000000000037a2       0x21 build/sam_d21_xpro/debug/_ext/480497801/plib_tc3.o
 .debug_loc     0x00000000000037c3       0xfc build/sam_d21_xpro/debug/_ext/189042961/sys_int.o
 .debug_loc     0x00000000000038bf     0x2b0c build/sam_d21_xpro/debug/_ext/1703922222/usb_device.o
 .debug_loc     0x00000000000063cb     0x1236 build/sam_d21_xpro/debug/_ext/1703922222/usb_device_cdc.o
 .debug_loc     0x0000000000007601      0x214 build/sam_d21_xpro/debug/_ext/1703922222/usb_device_cdc_acm.o
 .debug_loc     0x0000000000007815       0x66 build/sam_d21_xpro/debug/_ext/128142748/initialization.o
 .debug_loc     0x000000000000787b       0x20 build/sam_d21_xpro/debug/_ext/128142748/startup_xc32.o
 .debug_loc     0x000000000000789b       0x20 build/sam_d21_xpro/debug/_ext/128142748/tasks.o
 .debug_loc     0x00000000000078bb       0x20 build/sam_d21_xpro/debug/_ext/1360937237/main.o
 .debug_loc     0x00000000000078db      0x643 build/sam_d21_xpro/debug/_ext/1360937237/app_sam_d21_xpro.o
 .debug_loc     0x0000000000007f1e       0x14 c:/program files/microchip/xc32/v2.50/bin/bin/../../lib/gcc/pic32c/6.2.1/../../../../pic32c/lib\libpic32c.a(data_init.o)
 .debug_loc     0x0000000000007f32      0x164 c:/program files/microchip/xc32/v2.50/bin/bin/../../lib/gcc/pic32c/6.2.1\libgcc.a(_muldi3.o)
 .debug_loc     0x0000000000008096      0x29d c:/program files/microchip/xc32/v2.50/bin/bin/../../lib/gcc/pic32c/6.2.1\libgcc.a(_udivmoddi4.o)
 .debug_loc     0x0000000000008333       0x72 c:/program files/microchip/xc32/v2.50/bin/bin/../../lib/gcc/pic32c/6.2.1/../../../../pic32c/lib\libg_nano.a(lib_a-init.o)
 .debug_loc     0x00000000000083a5       0xde c:/program files/microchip/xc32/v2.50/bin/bin/../../lib/gcc/pic32c/6.2.1/../../../../pic32c/lib\libg_nano.a(lib_a-memcpy-stub.o)
 .debug_loc     0x0000000000008483       0x72 c:/program files/microchip/xc32/v2.50/bin/bin/../../lib/gcc/pic32c/6.2.1/../../../../pic32c/lib\libg_nano.a(lib_a-memset.o)

.stack          0x0000000020003db8      0x100
 .stack         0x0000000020003db8      0x100 stack

.bss.usbDeviceInstance%1
                0x0000000020003a00       0xec
 .bss.usbDeviceInstance
                0x0000000020003a00       0xec build/sam_d21_xpro/debug/_ext/1703922222/usb_device.o

.data.gDrvUSBFSV1DeviceInterface%2
                0x0000000020003aec       0x50
 .data.gDrvUSBFSV1DeviceInterface
                0x0000000020003aec       0x50 build/sam_d21_xpro/debug/_ext/488633594/drv_usbfsv1_device.o
                0x0000000020003aec                gDrvUSBFSV1DeviceInterface

.bss._write_back_section%3
                0x0000000020003b40       0x20
 .bss._write_back_section
                0x0000000020003b40       0x20 build/sam_d21_xpro/debug/_ext/2097617267/plib_dmac.o

.bss.descriptor_section%4
                0x0000000020003b60       0x20
 .bss.descriptor_section
                0x0000000020003b60       0x20 build/sam_d21_xpro/debug/_ext/2097617267/plib_dmac.o

.bss%5          0x0000000020003b80       0x1c
 .bss           0x0000000020003b80       0x1c c:/program files/microchip/xc32/v2.50/bin/bin/../../lib/gcc/pic32c/6.2.1/crtbegin.o

.eh_frame%z1    0x0000000000000000        0x0
 .eh_frame      0x0000000000000000        0x0 c:/program files/microchip/xc32/v2.50/bin/bin/../../lib/gcc/pic32c/6.2.1/crtbegin.o

.text._DRV_USBFSV1_DEVICE_Tasks_ISR%6
                0x00000000000000d8      0x630
 .text._DRV_USBFSV1_DEVICE_Tasks_ISR
                0x00000000000000d8      0x630 build/sam_d21_xpro/debug/_ext/488633594/drv_usbfsv1_device.o
                0x00000000000000d8                _DRV_USBFSV1_DEVICE_Tasks_ISR

.text.APP_Tasks%7
                0x0000000000000708      0x544
 .text.APP_Tasks
                0x0000000000000708      0x544 build/sam_d21_xpro/debug/_ext/1360937237/app_sam_d21_xpro.o
                0x0000000000000708                APP_Tasks

.text.DRV_USBFSV1_DEVICE_IRPSubmit%8
                0x0000000000000c4c      0x3b0
 .text.DRV_USBFSV1_DEVICE_IRPSubmit
                0x0000000000000c4c      0x3b0 build/sam_d21_xpro/debug/_ext/488633594/drv_usbfsv1_device.o
                0x0000000000000c4c                DRV_USBFSV1_DEVICE_IRPSubmit

.text.DRV_USBFSV1_DEVICE_EndpointEnable%9
                0x0000000000000ffc      0x178
 .text.DRV_USBFSV1_DEVICE_EndpointEnable
                0x0000000000000ffc      0x178 build/sam_d21_xpro/debug/_ext/488633594/drv_usbfsv1_device.o
                0x0000000000000ffc                DRV_USBFSV1_DEVICE_EndpointEnable

.text.DRV_USBFSV1_DEVICE_EndpointDisable%10
                0x0000000000001174      0x170
 .text.DRV_USBFSV1_DEVICE_EndpointDisable
                0x0000000000001174      0x170 build/sam_d21_xpro/debug/_ext/488633594/drv_usbfsv1_device.o
                0x0000000000001174                DRV_USBFSV1_DEVICE_EndpointDisable

.text._USB_DEVICE_ProcessStandardDeviceSetRequests%11
                0x00000000000012e4      0x148
 .text._USB_DEVICE_ProcessStandardDeviceSetRequests
                0x00000000000012e4      0x148 build/sam_d21_xpro/debug/_ext/1703922222/usb_device.o
                0x00000000000012e4                _USB_DEVICE_ProcessStandardDeviceSetRequests

.text.USB_DEVICE_CDC_Write%12
                0x000000000000142c      0x134
 .text.USB_DEVICE_CDC_Write
                0x000000000000142c      0x134 build/sam_d21_xpro/debug/_ext/1703922222/usb_device_cdc.o
                0x000000000000142c                USB_DEVICE_CDC_Write

.text._USB_DEVICE_EventHandler%13
                0x0000000000001560      0x130
 .text._USB_DEVICE_EventHandler
                0x0000000000001560      0x130 build/sam_d21_xpro/debug/_ext/1703922222/usb_device.o
                0x0000000000001560                _USB_DEVICE_EventHandler

.text.DRV_USBFSV1_Initialize%14
                0x0000000000001690      0x120
 .text.DRV_USBFSV1_Initialize
                0x0000000000001690      0x120 build/sam_d21_xpro/debug/_ext/488633594/drv_usbfsv1.o
                0x0000000000001690                DRV_USBFSV1_Initialize

.text.SERCOM1_USART_SerialSetup%15
                0x00000000000017b0      0x118
 .text.SERCOM1_USART_SerialSetup
                0x00000000000017b0      0x118 build/sam_d21_xpro/debug/_ext/1136425057/plib_sercom1_usart.o
                0x00000000000017b0                SERCOM1_USART_SerialSetup

.text._USB_DEVICE_ControlTransferHandler%16
                0x00000000000018c8      0x118
 .text._USB_DEVICE_ControlTransferHandler
                0x00000000000018c8      0x118 build/sam_d21_xpro/debug/_ext/1703922222/usb_device.o
                0x00000000000018c8                _USB_DEVICE_ControlTransferHandler

.text.DRV_USBFSV1_DEVICE_EndpointStallClear%17
                0x00000000000019e0      0x110
 .text.DRV_USBFSV1_DEVICE_EndpointStallClear
                0x00000000000019e0      0x110 build/sam_d21_xpro/debug/_ext/488633594/drv_usbfsv1_device.o
                0x00000000000019e0                DRV_USBFSV1_DEVICE_EndpointStallClear

.text.USB_DEVICE_Initialize%18
                0x0000000000001af0      0x108
 .text.USB_DEVICE_Initialize
                0x0000000000001af0      0x108 build/sam_d21_xpro/debug/_ext/1703922222/usb_device.o
                0x0000000000001af0                USB_DEVICE_Initialize

.text.APP_USBDeviceCDCEventHandler%19
                0x0000000000001bf8      0x108
 .text.APP_USBDeviceCDCEventHandler
                0x0000000000001bf8      0x108 build/sam_d21_xpro/debug/_ext/1360937237/app_sam_d21_xpro.o
                0x0000000000001bf8                APP_USBDeviceCDCEventHandler

.text.USB_DEVICE_CDC_Read%20
                0x0000000000001d00      0x104
 .text.USB_DEVICE_CDC_Read
                0x0000000000001d00      0x104 build/sam_d21_xpro/debug/_ext/1703922222/usb_device_cdc.o
                0x0000000000001d00                USB_DEVICE_CDC_Read

.text.DRV_USBFSV1_DEVICE_EndpointStall%21
                0x0000000000001e04      0x100
 .text.DRV_USBFSV1_DEVICE_EndpointStall
                0x0000000000001e04      0x100 build/sam_d21_xpro/debug/_ext/488633594/drv_usbfsv1_device.o
                0x0000000000001e04                DRV_USBFSV1_DEVICE_EndpointStall

.text.APP_SerialBaudUpdate%22
                0x0000000000001f04      0x100
 .text.APP_SerialBaudUpdate
                0x0000000000001f04      0x100 build/sam_d21_xpro/debug/_ext/1360937237/app_sam_d21_xpro.o
                0x0000000000001f04                APP_SerialBaudUpdate

.text._USB_DEVICE_ProcessStandardDeviceGetRequests%23
                0x0000000000002004       0xfc
 .text._USB_DEVICE_ProcessStandardDeviceGetRequests
                0x0000000000002004       0xfc build/sam_d21_xpro/debug/_ext/1703922222/usb_device.o
                0x0000000000002004                _USB_DEVICE_ProcessStandardDeviceGetRequests

.text._USB_DEVICE_Ep0ReceiveCompleteCallback%24
                0x0000000000002100       0xf8
 .text._USB_DEVICE_Ep0ReceiveCompleteCallback
                0x0000000000002100       0xf8 build/sam_d21_xpro/debug/_ext/1703922222/usb_device.o
                0x0000000000002100                _USB_DEVICE_Ep0ReceiveCompleteCallback

.text.USB_DEVICE_Tasks%25
                0x00000000000021f8       0xe8
 .text.USB_DEVICE_Tasks
                0x00000000000021f8       0xe8 build/sam_d21_xpro/debug/_ext/1703922222/usb_device.o
                0x00000000000021f8                USB_DEVICE_Tasks

.text%26        0x00000000000022e0       0xe2
 .text          0x00000000000022e0       0xe2 c:/program files/microchip/xc32/v2.50/bin/bin/../../lib/gcc/pic32c/6.2.1\libgcc.a(_udivmoddi4.o)
                0x00000000000022e0                __udivmoddi4

.dinit%27       0x00000000000023c4       0xe0
 .dinit         0x00000000000023c4       0xe0 data_init

.text.DRV_USBFSV1_Tasks%28
                0x00000000000024a4       0xcc
 .text.DRV_USBFSV1_Tasks
                0x00000000000024a4       0xcc build/sam_d21_xpro/debug/_ext/488633594/drv_usbfsv1.o
                0x00000000000024a4                DRV_USBFSV1_Tasks

.text.APP_DMAC_0_U1ReceiveCompleteCallback%29
                0x0000000000002570       0xbc
 .text.APP_DMAC_0_U1ReceiveCompleteCallback
                0x0000000000002570       0xbc build/sam_d21_xpro/debug/_ext/1360937237/app_sam_d21_xpro.o

.text.DMAC_ChannelTransfer%30
                0x000000000000262c       0xb0
 .text.DMAC_ChannelTransfer
                0x000000000000262c       0xb0 build/sam_d21_xpro/debug/_ext/2097617267/plib_dmac.o
                0x000000000000262c                DMAC_ChannelTransfer

.text._USB_DEVICE_CDC_Initialization%31
                0x00000000000026dc       0xb0
 .text._USB_DEVICE_CDC_Initialization
                0x00000000000026dc       0xb0 build/sam_d21_xpro/debug/_ext/1703922222/usb_device_cdc.o
                0x00000000000026dc                _USB_DEVICE_CDC_Initialization

.text%32        0x000000000000278c       0xa8
 .text          0x000000000000278c       0xa8 c:/program files/microchip/xc32/v2.50/bin/bin/../../lib/gcc/pic32c/6.2.1\libgcc.a(_divsi3.o)
                0x000000000000278c                __divsi3
                0x000000000000278c                __aeabi_idiv
                0x0000000000002820                __aeabi_idivmod

.text.DRV_USBFSV1_DEVICE_IRPCancel%33
                0x0000000000002834       0xa4
 .text.DRV_USBFSV1_DEVICE_IRPCancel
                0x0000000000002834       0xa4 build/sam_d21_xpro/debug/_ext/488633594/drv_usbfsv1_device.o
                0x0000000000002834                DRV_USBFSV1_DEVICE_IRPCancel

.text.CLOCK_Initialize%34
                0x00000000000028d8       0x9c
 .text.CLOCK_Initialize
                0x00000000000028d8       0x9c build/sam_d21_xpro/debug/_ext/600686086/plib_clock.o
                0x00000000000028d8                CLOCK_Initialize

.text.DRV_USBFSV1_DEVICE_IRPCancelAll%35
                0x0000000000002974       0x98
 .text.DRV_USBFSV1_DEVICE_IRPCancelAll
                0x0000000000002974       0x98 build/sam_d21_xpro/debug/_ext/488633594/drv_usbfsv1_device.o
                0x0000000000002974                DRV_USBFSV1_DEVICE_IRPCancelAll

.text.resetBuffParameters%36
                0x0000000000002a0c       0x98
 .text.resetBuffParameters
                0x0000000000002a0c       0x98 build/sam_d21_xpro/debug/_ext/1360937237/app_sam_d21_xpro.o
                0x0000000000002a0c                resetBuffParameters

.rodata._USB_DEVICE_CDC_ACMSetUpPacketHandler%37
                0x0000000000002aa4       0x90
 .rodata._USB_DEVICE_CDC_ACMSetUpPacketHandler
                0x0000000000002aa4       0x90 build/sam_d21_xpro/debug/_ext/1703922222/usb_device_cdc_acm.o

.text.__pic32c_data_initialization%38
                0x0000000000002b34       0x90
 .text.__pic32c_data_initialization
                0x0000000000002b34       0x90 c:/program files/microchip/xc32/v2.50/bin/bin/../../lib/gcc/pic32c/6.2.1/../../../../pic32c/lib\libpic32c.a(data_init.o)
                0x0000000000002b34                __pic32c_data_initialization

.text%39        0x0000000000002bc4       0x8c
 .text          0x0000000000002bc4       0x8c c:/program files/microchip/xc32/v2.50/bin/bin/../../lib/gcc/pic32c/6.2.1\libgcc.a(_udivsi3.o)
                0x0000000000002bc4                __aeabi_uidiv
                0x0000000000002bc4                __udivsi3
                0x0000000000002c3c                __aeabi_uidivmod

.text.DRV_USBFSV1_DEVICE_Detach%40
                0x0000000000002c50       0x88
 .text.DRV_USBFSV1_DEVICE_Detach
                0x0000000000002c50       0x88 build/sam_d21_xpro/debug/_ext/488633594/drv_usbfsv1_device.o
                0x0000000000002c50                DRV_USBFSV1_DEVICE_Detach

.text._USB_DEVICE_ProcessStandardEndpointRequest%41
                0x0000000000002cd8       0x88
 .text._USB_DEVICE_ProcessStandardEndpointRequest
                0x0000000000002cd8       0x88 build/sam_d21_xpro/debug/_ext/1703922222/usb_device.o
                0x0000000000002cd8                _USB_DEVICE_ProcessStandardEndpointRequest

.text._USB_DEVICE_GetStringDescriptorRequestProcess%42
                0x0000000000002d60       0x88
 .text._USB_DEVICE_GetStringDescriptorRequestProcess
                0x0000000000002d60       0x88 build/sam_d21_xpro/debug/_ext/1703922222/usb_device.o
                0x0000000000002d60                _USB_DEVICE_GetStringDescriptorRequestProcess

.text._USB_DEVICE_ConfigureDevice%43
                0x0000000000002de8       0x7e
 .text._USB_DEVICE_ConfigureDevice
                0x0000000000002de8       0x7e build/sam_d21_xpro/debug/_ext/1703922222/usb_device.o
                0x0000000000002de8                _USB_DEVICE_ConfigureDevice

.text.DRV_USBFSV1_Tasks_ISR%44
                0x0000000000002e68       0x7c
 .text.DRV_USBFSV1_Tasks_ISR
                0x0000000000002e68       0x7c build/sam_d21_xpro/debug/_ext/488633594/drv_usbfsv1.o
                0x0000000000002e68                DRV_USBFSV1_Tasks_ISR

.text.DMAC_InterruptHandler%45
                0x0000000000002ee4       0x7c
 .text.DMAC_InterruptHandler
                0x0000000000002ee4       0x7c build/sam_d21_xpro/debug/_ext/2097617267/plib_dmac.o
                0x0000000000002ee4                DMAC_InterruptHandler

.text.DMAC_Initialize%46
                0x0000000000002f60       0x74
 .text.DMAC_Initialize
                0x0000000000002f60       0x74 build/sam_d21_xpro/debug/_ext/2097617267/plib_dmac.o
                0x0000000000002f60                DMAC_Initialize

.text._USB_DEVICE_CDC_ControlTransferHandler%47
                0x0000000000002fd4       0x74
 .text._USB_DEVICE_CDC_ControlTransferHandler
                0x0000000000002fd4       0x74 build/sam_d21_xpro/debug/_ext/1703922222/usb_device_cdc.o
                0x0000000000002fd4                _USB_DEVICE_CDC_ControlTransferHandler

.text.APP_USBDeviceEventHandler%48
                0x0000000000003048       0x74
 .text.APP_USBDeviceEventHandler
                0x0000000000003048       0x74 build/sam_d21_xpro/debug/_ext/1360937237/app_sam_d21_xpro.o
                0x0000000000003048                APP_USBDeviceEventHandler

.text._USB_DEVICE_Ep0TransmitCompleteCallback%49
                0x00000000000030bc       0x6a
 .text._USB_DEVICE_Ep0TransmitCompleteCallback
                0x00000000000030bc       0x6a build/sam_d21_xpro/debug/_ext/1703922222/usb_device.o
                0x00000000000030bc                _USB_DEVICE_Ep0TransmitCompleteCallback

.text._USB_DEVICE_CDC_ReadIRPCallback%50
                0x0000000000003128       0x68
 .text._USB_DEVICE_CDC_ReadIRPCallback
                0x0000000000003128       0x68 build/sam_d21_xpro/debug/_ext/1703922222/usb_device_cdc.o
                0x0000000000003128                _USB_DEVICE_CDC_ReadIRPCallback

.text._USB_DEVICE_CDC_WriteIRPCallback%51
                0x0000000000003190       0x68
 .text._USB_DEVICE_CDC_WriteIRPCallback
                0x0000000000003190       0x68 build/sam_d21_xpro/debug/_ext/1703922222/usb_device_cdc.o
                0x0000000000003190                _USB_DEVICE_CDC_WriteIRPCallback

.text._USB_DEVICE_CDC_ACMSetUpPacketHandler%52
                0x00000000000031f8       0x68
 .text._USB_DEVICE_CDC_ACMSetUpPacketHandler
                0x00000000000031f8       0x68 build/sam_d21_xpro/debug/_ext/1703922222/usb_device_cdc_acm.o
                0x00000000000031f8                _USB_DEVICE_CDC_ACMSetUpPacketHandler

.text.SYS_Initialize%53
                0x0000000000003260       0x58
 .text.SYS_Initialize
                0x0000000000003260       0x58 build/sam_d21_xpro/debug/_ext/128142748/initialization.o
                0x0000000000003260                SYS_Initialize

.text.Reset_Handler%54
                0x00000000000032b8       0x58
 .text.Reset_Handler
                0x00000000000032b8       0x58 build/sam_d21_xpro/debug/_ext/128142748/startup_xc32.o
                0x00000000000032b8                Reset_Handler

.text._USB_DEVICE_ForwardControlXfrToFunction%55
                0x0000000000003310       0x50
 .text._USB_DEVICE_ForwardControlXfrToFunction
                0x0000000000003310       0x50 build/sam_d21_xpro/debug/_ext/1703922222/usb_device.o
                0x0000000000003310                _USB_DEVICE_ForwardControlXfrToFunction

.text._USB_DEVICE_DeInitializeAllFunctionDrivers%56
                0x0000000000003360       0x4e
 .text._USB_DEVICE_DeInitializeAllFunctionDrivers
                0x0000000000003360       0x4e build/sam_d21_xpro/debug/_ext/1703922222/usb_device.o
                0x0000000000003360                _USB_DEVICE_DeInitializeAllFunctionDrivers

.text.PORT_Initialize%57
                0x00000000000033b0       0x4c
 .text.PORT_Initialize
                0x00000000000033b0       0x4c build/sam_d21_xpro/debug/_ext/2097977225/plib_port.o
                0x00000000000033b0                PORT_Initialize

.text._USB_DEVICE_GetFunctionDriverEntryByInterface%58
                0x00000000000033fc       0x4a
 .text._USB_DEVICE_GetFunctionDriverEntryByInterface
                0x00000000000033fc       0x4a build/sam_d21_xpro/debug/_ext/1703922222/usb_device.o
                0x00000000000033fc                _USB_DEVICE_GetFunctionDriverEntryByInterface

.text.USB_DEVICE_ControlStatus%59
                0x0000000000003446       0x4a
 .text.USB_DEVICE_ControlStatus
                0x0000000000003446       0x4a build/sam_d21_xpro/debug/_ext/1703922222/usb_device.o
                0x0000000000003446                USB_DEVICE_ControlStatus

.text%60        0x0000000000003490       0x48
 .text          0x0000000000003490       0x48 c:/program files/microchip/xc32/v2.50/bin/bin/../../lib/gcc/pic32c/6.2.1/crtbegin.o

.text.__libc_init_array%61
                0x00000000000034d8       0x48
 .text.__libc_init_array
                0x00000000000034d8       0x48 c:/program files/microchip/xc32/v2.50/bin/bin/../../lib/gcc/pic32c/6.2.1/../../../../pic32c/lib\libg_nano.a(lib_a-init.o)
                0x00000000000034d8                __libc_init_array

.text.USB_DEVICE_ControlSend%62
                0x0000000000003520       0x46
 .text.USB_DEVICE_ControlSend
                0x0000000000003520       0x46 build/sam_d21_xpro/debug/_ext/1703922222/usb_device.o
                0x0000000000003520                USB_DEVICE_ControlSend

.rodata.fullSpeedConfigurationDescriptor%63
                0x0000000000003568       0x44
 .rodata.fullSpeedConfigurationDescriptor
                0x0000000000003568       0x44 build/sam_d21_xpro/debug/_ext/128142748/usb_device_init_data.o
                0x0000000000003568                fullSpeedConfigurationDescriptor

.text.APP_StateReset%64
                0x00000000000035ac       0x44
 .text.APP_StateReset
                0x00000000000035ac       0x44 build/sam_d21_xpro/debug/_ext/1360937237/app_sam_d21_xpro.o
                0x00000000000035ac                APP_StateReset

.text%65        0x00000000000035f0       0x42
 .text          0x00000000000035f0       0x42 c:/program files/microchip/xc32/v2.50/bin/bin/../../lib/gcc/pic32c/6.2.1\libgcc.a(_muldi3.o)
                0x00000000000035f0                __muldi3
                0x00000000000035f0                __aeabi_lmul

.text._USB_DEVICE_FindEndpoint%66
                0x0000000000003632       0x40
 .text._USB_DEVICE_FindEndpoint
                0x0000000000003632       0x40 build/sam_d21_xpro/debug/_ext/1703922222/usb_device.o
                0x0000000000003632                _USB_DEVICE_FindEndpoint

.text%67        0x0000000000003674       0x40
 .text          0x0000000000003674       0x40 c:/program files/microchip/xc32/v2.50/bin/bin/../../lib/gcc/pic32c/6.2.1\libgcc.a(_aeabi_uldivmod.o)
                0x0000000000003674                __aeabi_uldivmod

.text.DMAC_ChannelDisable%68
                0x00000000000036b4       0x3c
 .text.DMAC_ChannelDisable
                0x00000000000036b4       0x3c build/sam_d21_xpro/debug/_ext/2097617267/plib_dmac.o
                0x00000000000036b4                DMAC_ChannelDisable

.text.NVIC_Initialize%69
                0x00000000000036f0       0x3c
 .text.NVIC_Initialize
                0x00000000000036f0       0x3c build/sam_d21_xpro/debug/_ext/2097924074/plib_nvic.o
                0x00000000000036f0                NVIC_Initialize

.text.SYS_INT_SourceDisable%70
                0x000000000000372c       0x3c
 .text.SYS_INT_SourceDisable
                0x000000000000372c       0x3c build/sam_d21_xpro/debug/_ext/189042961/sys_int.o
                0x000000000000372c                SYS_INT_SourceDisable

.text.USB_DEVICE_Open%71
                0x0000000000003768       0x3c
 .text.USB_DEVICE_Open
                0x0000000000003768       0x3c build/sam_d21_xpro/debug/_ext/1703922222/usb_device.o
                0x0000000000003768                USB_DEVICE_Open

.text.APP_Initialize%72
                0x00000000000037a4       0x3c
 .text.APP_Initialize
                0x00000000000037a4       0x3c build/sam_d21_xpro/debug/_ext/1360937237/app_sam_d21_xpro.o
                0x00000000000037a4                APP_Initialize

.text%73        0x00000000000037e0       0x3c
 .text          0x00000000000037e0       0x3c c:/program files/microchip/xc32/v2.50/bin/bin/../../lib/gcc/pic32c/6.2.1\libgcc.a(_clzsi2.o)
                0x00000000000037e0                __clzsi2

.text._DRV_USBFSV1_DEVICE_Initialize%74
                0x000000000000381c       0x38
 .text._DRV_USBFSV1_DEVICE_Initialize
                0x000000000000381c       0x38 build/sam_d21_xpro/debug/_ext/488633594/drv_usbfsv1_device.o
                0x000000000000381c                _DRV_USBFSV1_DEVICE_Initialize

.text.SERCOM1_USART_Initialize%75
                0x0000000000003854       0x38
 .text.SERCOM1_USART_Initialize
                0x0000000000003854       0x38 build/sam_d21_xpro/debug/_ext/1136425057/plib_sercom1_usart.o
                0x0000000000003854                SERCOM1_USART_Initialize

.text.TC3_TimerInitialize%76
                0x000000000000388c       0x38
 .text.TC3_TimerInitialize
                0x000000000000388c       0x38 build/sam_d21_xpro/debug/_ext/480497801/plib_tc3.o
                0x000000000000388c                TC3_TimerInitialize

.text._USB_DEVICE_CDC_Deinitialization%77
                0x00000000000038c4       0x38
 .text._USB_DEVICE_CDC_Deinitialization
                0x00000000000038c4       0x38 build/sam_d21_xpro/debug/_ext/1703922222/usb_device_cdc.o
                0x00000000000038c4                _USB_DEVICE_CDC_Deinitialization

.rodata.sd001%78
                0x00000000000038fc       0x34
 .rodata.sd001  0x00000000000038fc       0x34 build/sam_d21_xpro/debug/_ext/128142748/usb_device_init_data.o
                0x00000000000038fc                sd001

.text.SERCOM1_USART_ErrorGet%79
                0x0000000000003930       0x30
 .text.SERCOM1_USART_ErrorGet
                0x0000000000003930       0x30 build/sam_d21_xpro/debug/_ext/1136425057/plib_sercom1_usart.o
                0x0000000000003930                SERCOM1_USART_ErrorGet

.rodata.sd002%80
                0x0000000000003960       0x30
 .rodata.sd002  0x0000000000003960       0x30 build/sam_d21_xpro/debug/_ext/128142748/usb_device_init_data.o
                0x0000000000003960                sd002

.rodata.APP_USBDeviceEventHandler%81
                0x0000000000003990       0x30
 .rodata.APP_USBDeviceEventHandler
                0x0000000000003990       0x30 build/sam_d21_xpro/debug/_ext/1360937237/app_sam_d21_xpro.o

.text._USB_DEVICE_RedirectControlXfrToClient%82
                0x00000000000039c0       0x2c
 .text._USB_DEVICE_RedirectControlXfrToClient
                0x00000000000039c0       0x2c build/sam_d21_xpro/debug/_ext/1703922222/usb_device.o
                0x00000000000039c0                _USB_DEVICE_RedirectControlXfrToClient

.rodata.usbMasterDescriptor%83
                0x00000000000039ec       0x2c
 .rodata.usbMasterDescriptor
                0x00000000000039ec       0x2c build/sam_d21_xpro/debug/_ext/128142748/usb_device_init_data.o
                0x00000000000039ec                usbMasterDescriptor

.text.DRV_USBFSV1_DEVICE_EndpointIsEnabled%84
                0x0000000000003a18       0x2a
 .text.DRV_USBFSV1_DEVICE_EndpointIsEnabled
                0x0000000000003a18       0x2a build/sam_d21_xpro/debug/_ext/488633594/drv_usbfsv1_device.o
                0x0000000000003a18                DRV_USBFSV1_DEVICE_EndpointIsEnabled

.text._DRV_USBFSV1_DEVICE_IRPQueueFlush%85
                0x0000000000003a42       0x2a
 .text._DRV_USBFSV1_DEVICE_IRPQueueFlush
                0x0000000000003a42       0x2a build/sam_d21_xpro/debug/_ext/488633594/drv_usbfsv1_device.o
                0x0000000000003a42                _DRV_USBFSV1_DEVICE_IRPQueueFlush

.text.USB_DEVICE_EndpointEnable%86
                0x0000000000003a6c       0x2a
 .text.USB_DEVICE_EndpointEnable
                0x0000000000003a6c       0x2a build/sam_d21_xpro/debug/_ext/1703922222/usb_device.o
                0x0000000000003a6c                USB_DEVICE_EndpointEnable

.text.DRV_USBFSV1_Open%87
                0x0000000000003a98       0x28
 .text.DRV_USBFSV1_Open
                0x0000000000003a98       0x28 build/sam_d21_xpro/debug/_ext/488633594/drv_usbfsv1.o
                0x0000000000003a98                DRV_USBFSV1_Open

.rodata._USB_DEVICE_EventHandler%88
                0x0000000000003ac0       0x28
 .rodata._USB_DEVICE_EventHandler
                0x0000000000003ac0       0x28 build/sam_d21_xpro/debug/_ext/1703922222/usb_device.o

.text.USB_DEVICE_EventHandlerSet%89
                0x0000000000003ae8       0x28
 .text.USB_DEVICE_EventHandlerSet
                0x0000000000003ae8       0x28 build/sam_d21_xpro/debug/_ext/1703922222/usb_device.o
                0x0000000000003ae8                USB_DEVICE_EventHandlerSet

.rodata.usbDevInitData%90
                0x0000000000003b10       0x28
 .rodata.usbDevInitData
                0x0000000000003b10       0x28 build/sam_d21_xpro/debug/_ext/128142748/usb_device_init_data.o
                0x0000000000003b10                usbDevInitData

.text.USB_DEVICE_Detach%91
                0x0000000000003b38       0x26
 .text.USB_DEVICE_Detach
                0x0000000000003b38       0x26 build/sam_d21_xpro/debug/_ext/1703922222/usb_device.o
                0x0000000000003b38                USB_DEVICE_Detach

.text.USB_DEVICE_IRPSubmit%92
                0x0000000000003b5e       0x26
 .text.USB_DEVICE_IRPSubmit
                0x0000000000003b5e       0x26 build/sam_d21_xpro/debug/_ext/1703922222/usb_device.o
                0x0000000000003b5e                USB_DEVICE_IRPSubmit

.rodata.drvUSBInit%93
                0x0000000000003b84       0x24
 .rodata.drvUSBInit
                0x0000000000003b84       0x24 build/sam_d21_xpro/debug/_ext/128142748/initialization.o
                0x0000000000003b84                drvUSBInit

.rodata.APP_USBDeviceCDCEventHandler%94
                0x0000000000003ba8       0x24
 .rodata.APP_USBDeviceCDCEventHandler
                0x0000000000003ba8       0x24 build/sam_d21_xpro/debug/_ext/1360937237/app_sam_d21_xpro.o

.text.DRV_USBFSV1_DEVICE_EndpointIsStalled%95
                0x0000000000003bcc       0x22
 .text.DRV_USBFSV1_DEVICE_EndpointIsStalled
                0x0000000000003bcc       0x22 build/sam_d21_xpro/debug/_ext/488633594/drv_usbfsv1_device.o
                0x0000000000003bcc                DRV_USBFSV1_DEVICE_EndpointIsStalled

.text.USB_DEVICE_Attach%96
                0x0000000000003bee       0x22
 .text.USB_DEVICE_Attach
                0x0000000000003bee       0x22 build/sam_d21_xpro/debug/_ext/1703922222/usb_device.o
                0x0000000000003bee                USB_DEVICE_Attach

.text.USB_DEVICE_EndpointDisable%97
                0x0000000000003c10       0x22
 .text.USB_DEVICE_EndpointDisable
                0x0000000000003c10       0x22 build/sam_d21_xpro/debug/_ext/1703922222/usb_device.o
                0x0000000000003c10                USB_DEVICE_EndpointDisable

.text.USB_DEVICE_ControlReceive%98
                0x0000000000003c32       0x22
 .text.USB_DEVICE_ControlReceive
                0x0000000000003c32       0x22 build/sam_d21_xpro/debug/_ext/1703922222/usb_device.o
                0x0000000000003c32                USB_DEVICE_ControlReceive

.text.USB_DEVICE_IRPCancelAll%99
                0x0000000000003c54       0x22
 .text.USB_DEVICE_IRPCancelAll
                0x0000000000003c54       0x22 build/sam_d21_xpro/debug/_ext/1703922222/usb_device.o
                0x0000000000003c54                USB_DEVICE_IRPCancelAll

.text._USB_DEVICE_CDC_EndpointDisable%100
                0x0000000000003c76       0x22
 .text._USB_DEVICE_CDC_EndpointDisable
                0x0000000000003c76       0x22 build/sam_d21_xpro/debug/_ext/1703922222/usb_device_cdc.o
                0x0000000000003c76                _USB_DEVICE_CDC_EndpointDisable

.text.DRV_USBFSV1_DEVICE_Attach%101
                0x0000000000003c98       0x20
 .text.DRV_USBFSV1_DEVICE_Attach
                0x0000000000003c98       0x20 build/sam_d21_xpro/debug/_ext/488633594/drv_usbfsv1_device.o
                0x0000000000003c98                DRV_USBFSV1_DEVICE_Attach

.text.TC3_Timer16bitCounterGet%102
                0x0000000000003cb8       0x20
 .text.TC3_Timer16bitCounterGet
                0x0000000000003cb8       0x20 build/sam_d21_xpro/debug/_ext/480497801/plib_tc3.o
                0x0000000000003cb8                TC3_Timer16bitCounterGet

.rodata._USB_DEVICE_ProcessStandardDeviceGetRequests%103
                0x0000000000003cd8       0x20
 .rodata._USB_DEVICE_ProcessStandardDeviceGetRequests
                0x0000000000003cd8       0x20 build/sam_d21_xpro/debug/_ext/1703922222/usb_device.o

.text.USB_DEVICE_CDC_EventHandlerSet%104
                0x0000000000003cf8       0x20
 .text.USB_DEVICE_CDC_EventHandlerSet
                0x0000000000003cf8       0x20 build/sam_d21_xpro/debug/_ext/1703922222/usb_device_cdc.o
                0x0000000000003cf8                USB_DEVICE_CDC_EventHandlerSet

.text.SYS_Tasks%105
                0x0000000000003d18       0x1c
 .text.SYS_Tasks
                0x0000000000003d18       0x1c build/sam_d21_xpro/debug/_ext/128142748/tasks.o
                0x0000000000003d18                SYS_Tasks

.text.EVSYS_Initialize%106
                0x0000000000003d34       0x18
 .text.EVSYS_Initialize
                0x0000000000003d34       0x18 build/sam_d21_xpro/debug/_ext/602835572/plib_evsys.o
                0x0000000000003d34                EVSYS_Initialize

.text.TC3_TimerStart%107
                0x0000000000003d4c       0x18
 .text.TC3_TimerStart
                0x0000000000003d4c       0x18 build/sam_d21_xpro/debug/_ext/480497801/plib_tc3.o
                0x0000000000003d4c                TC3_TimerStart

.text._USB_DEVICE_ClientHandleValidate%108
                0x0000000000003d64       0x18
 .text._USB_DEVICE_ClientHandleValidate
                0x0000000000003d64       0x18 build/sam_d21_xpro/debug/_ext/1703922222/usb_device.o
                0x0000000000003d64                _USB_DEVICE_ClientHandleValidate

.text._USB_DEVICE_CDC_GlobalInitialize%109
                0x0000000000003d7c       0x18
 .text._USB_DEVICE_CDC_GlobalInitialize
                0x0000000000003d7c       0x18 build/sam_d21_xpro/debug/_ext/1703922222/usb_device_cdc.o
                0x0000000000003d7c                _USB_DEVICE_CDC_GlobalInitialize

.text%110       0x0000000000003d94       0x48
 .text          0x0000000000003d94       0x18 c:/program files/microchip/xc32/v2.50/bin/bin/../../lib/gcc/pic32c/6.2.1\libgcc.a(_lshrdi3.o)
                0x0000000000003d94                __lshrdi3
                0x0000000000003d94                __aeabi_llsr
 .text          0x0000000000003dac       0x18 c:/program files/microchip/xc32/v2.50/bin/bin/../../lib/gcc/pic32c/6.2.1\libgcc.a(_ashldi3.o)
                0x0000000000003dac                __aeabi_llsl
                0x0000000000003dac                __ashldi3
 .text          0x0000000000003dc4       0x18 c:/program files/microchip/xc32/v2.50/bin/bin/../../lib/gcc/pic32c/6.2.1\libgcc.a(_clzdi2.o)
                0x0000000000003dc4                __clzdi2

.text.TC3_Timer16bitCounterSet%113
                0x0000000000003ddc       0x14
 .text.TC3_Timer16bitCounterSet
                0x0000000000003ddc       0x14 build/sam_d21_xpro/debug/_ext/480497801/plib_tc3.o
                0x0000000000003ddc                TC3_Timer16bitCounterSet

.text.SYS_INT_Restore%114
                0x0000000000003df0       0x14
 .text.SYS_INT_Restore
                0x0000000000003df0       0x14 build/sam_d21_xpro/debug/_ext/189042961/sys_int.o
                0x0000000000003df0                SYS_INT_Restore

.rodata.cdcFunctionDriver%115
                0x0000000000003e04       0x14
 .rodata.cdcFunctionDriver
                0x0000000000003e04       0x14 build/sam_d21_xpro/debug/_ext/1703922222/usb_device_cdc.o
                0x0000000000003e04                cdcFunctionDriver

.rodata.deviceDescriptor%116
                0x0000000000003e18       0x14
 .rodata.deviceDescriptor
                0x0000000000003e18       0x14 build/sam_d21_xpro/debug/_ext/128142748/usb_device_init_data.o
                0x0000000000003e18                deviceDescriptor

.rodata.APP_SerialBaudUpdate%117
                0x0000000000003e2c       0x14
 .rodata.APP_SerialBaudUpdate
                0x0000000000003e2c       0x14 build/sam_d21_xpro/debug/_ext/1360937237/app_sam_d21_xpro.o

.text.DRV_USBFSV1_Close%118
                0x0000000000003e40       0x12
 .text.DRV_USBFSV1_Close
                0x0000000000003e40       0x12 build/sam_d21_xpro/debug/_ext/488633594/drv_usbfsv1.o
                0x0000000000003e40                DRV_USBFSV1_Close

.text.DRV_USBFSV1_DEVICE_SOFNumberGet%119
                0x0000000000003e52       0x12
 .text.DRV_USBFSV1_DEVICE_SOFNumberGet
                0x0000000000003e52       0x12 build/sam_d21_xpro/debug/_ext/488633594/drv_usbfsv1_device.o
                0x0000000000003e52                DRV_USBFSV1_DEVICE_SOFNumberGet

.text.SYS_INT_Disable%120
                0x0000000000003e64       0x12
 .text.SYS_INT_Disable
                0x0000000000003e64       0x12 build/sam_d21_xpro/debug/_ext/189042961/sys_int.o
                0x0000000000003e64                SYS_INT_Disable

.text.memcpy%121
                0x0000000000003e76       0x12
 .text.memcpy   0x0000000000003e76       0x12 c:/program files/microchip/xc32/v2.50/bin/bin/../../lib/gcc/pic32c/6.2.1/../../../../pic32c/lib\libg_nano.a(lib_a-memcpy-stub.o)
                0x0000000000003e76                memcpy

.text.BSP_Initialize%122
                0x0000000000003e88       0x10
 .text.BSP_Initialize
                0x0000000000003e88       0x10 build/sam_d21_xpro/debug/_ext/1011596308/bsp.o
                0x0000000000003e88                BSP_Initialize

.text.DRV_USBFSV1_USB_Handler%123
                0x0000000000003e98       0x10
 .text.DRV_USBFSV1_USB_Handler
                0x0000000000003e98       0x10 build/sam_d21_xpro/debug/_ext/488633594/drv_usbfsv1.o
                0x0000000000003e98                DRV_USBFSV1_USB_Handler

.text.DRV_USBFSV1_ClientEventCallBackSet%124
                0x0000000000003ea8       0x10
 .text.DRV_USBFSV1_ClientEventCallBackSet
                0x0000000000003ea8       0x10 build/sam_d21_xpro/debug/_ext/488633594/drv_usbfsv1.o
                0x0000000000003ea8                DRV_USBFSV1_ClientEventCallBackSet

.text.DMAC_ChannelCallbackRegister%125
                0x0000000000003eb8       0x10
 .text.DMAC_ChannelCallbackRegister
                0x0000000000003eb8       0x10 build/sam_d21_xpro/debug/_ext/2097617267/plib_dmac.o
                0x0000000000003eb8                DMAC_ChannelCallbackRegister

.text.DRV_USBFSV1_VBUS_Comparator%126
                0x0000000000003ec8       0x10
 .text.DRV_USBFSV1_VBUS_Comparator
                0x0000000000003ec8       0x10 build/sam_d21_xpro/debug/_ext/128142748/initialization.o

.rodata.funcRegistrationTable%127
                0x0000000000003ed8       0x10
 .rodata.funcRegistrationTable
                0x0000000000003ed8       0x10 build/sam_d21_xpro/debug/_ext/128142748/usb_device_init_data.o
                0x0000000000003ed8                funcRegistrationTable

.text.APP_DMAC_1_U1TransmitCompleteCallback%128
                0x0000000000003ee8       0x10
 .text.APP_DMAC_1_U1TransmitCompleteCallback
                0x0000000000003ee8       0x10 build/sam_d21_xpro/debug/_ext/1360937237/app_sam_d21_xpro.o

.text.memset%129
                0x0000000000003ef8       0x10
 .text.memset   0x0000000000003ef8       0x10 c:/program files/microchip/xc32/v2.50/bin/bin/../../lib/gcc/pic32c/6.2.1/../../../../pic32c/lib\libg_nano.a(lib_a-memset.o)
                0x0000000000003ef8                memset

.text.DRV_USBFSV1_DEVICE_AddressSet%130
                0x0000000000003f08        0xe
 .text.DRV_USBFSV1_DEVICE_AddressSet
                0x0000000000003f08        0xe build/sam_d21_xpro/debug/_ext/488633594/drv_usbfsv1_device.o
                0x0000000000003f08                DRV_USBFSV1_DEVICE_AddressSet

.text.DRV_USBFSV1_DEVICE_CurrentSpeedGet%131
                0x0000000000003f16        0xe
 .text.DRV_USBFSV1_DEVICE_CurrentSpeedGet
                0x0000000000003f16        0xe build/sam_d21_xpro/debug/_ext/488633594/drv_usbfsv1_device.o
                0x0000000000003f16                DRV_USBFSV1_DEVICE_CurrentSpeedGet

.text.main%132  0x0000000000003f24        0xe
 .text.main     0x0000000000003f24        0xe build/sam_d21_xpro/debug/_ext/1360937237/main.o
                0x0000000000003f24                main

.text.NVMCTRL_Initialize%133
                0x0000000000003f34        0xc
 .text.NVMCTRL_Initialize
                0x0000000000003f34        0xc build/sam_d21_xpro/debug/_ext/1104193656/plib_nvmctrl.o
                0x0000000000003f34                NVMCTRL_Initialize

.rodata.cdcInit0%134
                0x0000000000003f40        0xc
 .rodata.cdcInit0
                0x0000000000003f40        0xc build/sam_d21_xpro/debug/_ext/128142748/usb_device_init_data.o
                0x0000000000003f40                cdcInit0

.rodata.stringDescriptors%135
                0x0000000000003f4c        0xc
 .rodata.stringDescriptors
                0x0000000000003f4c        0xc build/sam_d21_xpro/debug/_ext/128142748/usb_device_init_data.o
                0x0000000000003f4c                stringDescriptors

.rodata.gDrvUSBFSV1DeviceEndpointTypeMap%136
                0x0000000000003f58        0x8
 .rodata.gDrvUSBFSV1DeviceEndpointTypeMap
                0x0000000000003f58        0x8 build/sam_d21_xpro/debug/_ext/488633594/drv_usbfsv1_device.o
                0x0000000000003f58                gDrvUSBFSV1DeviceEndpointTypeMap

.text.SERCOM1_USART_FrequencyGet%137
                0x0000000000003f60        0x8
 .text.SERCOM1_USART_FrequencyGet
                0x0000000000003f60        0x8 build/sam_d21_xpro/debug/_ext/1136425057/plib_sercom1_usart.o
                0x0000000000003f60                SERCOM1_USART_FrequencyGet

.rodata.gDrvUSBFSV1DeviceSpeedMap%138
                0x0000000000003f68        0x4
 .rodata.gDrvUSBFSV1DeviceSpeedMap
                0x0000000000003f68        0x4 build/sam_d21_xpro/debug/_ext/488633594/drv_usbfsv1_device.o
                0x0000000000003f68                gDrvUSBFSV1DeviceSpeedMap

.text.NonMaskableInt_Handler%139
                0x0000000000003f6c        0x4
 .text.NonMaskableInt_Handler
                0x0000000000003f6c        0x4 build/sam_d21_xpro/debug/_ext/128142748/exceptions.o
                0x0000000000003f6c                NonMaskableInt_Handler

.text.HardFault_Handler%140
                0x0000000000003f70        0x4
 .text.HardFault_Handler
                0x0000000000003f70        0x4 build/sam_d21_xpro/debug/_ext/128142748/exceptions.o
                0x0000000000003f70                HardFault_Handler

.rodata.fullSpeedConfigDescSet%141
                0x0000000000003f74        0x4
 .rodata.fullSpeedConfigDescSet
                0x0000000000003f74        0x4 build/sam_d21_xpro/debug/_ext/128142748/usb_device_init_data.o
                0x0000000000003f74                fullSpeedConfigDescSet

.rodata.sd000%142
                0x0000000000003f78        0x4
 .rodata.sd000  0x0000000000003f78        0x4 build/sam_d21_xpro/debug/_ext/128142748/usb_device_init_data.o
                0x0000000000003f78                sd000

.text%143       0x0000000000003f7c        0x4
 .text          0x0000000000003f7c        0x4 c:/program files/microchip/xc32/v2.50/bin/bin/../../lib/gcc/pic32c/6.2.1\libgcc.a(_dvmd_tls.o)
                0x0000000000003f7c                __aeabi_idiv0
                0x0000000000003f7c                __aeabi_ldiv0

.text.DRV_USBFSV1_DEVICE_RemoteWakeupStart%144
                0x00000000000023c2        0x2
 .text.DRV_USBFSV1_DEVICE_RemoteWakeupStart
                0x00000000000023c2        0x2 build/sam_d21_xpro/debug/_ext/488633594/drv_usbfsv1_device.o
                0x00000000000023c2                DRV_USBFSV1_DEVICE_RemoteWakeupStart

.text.DRV_USBFSV1_DEVICE_RemoteWakeupStop%145
                0x0000000000002e66        0x2
 .text.DRV_USBFSV1_DEVICE_RemoteWakeupStop
                0x0000000000002e66        0x2 build/sam_d21_xpro/debug/_ext/488633594/drv_usbfsv1_device.o
                0x0000000000002e66                DRV_USBFSV1_DEVICE_RemoteWakeupStop

.text.Dummy_Handler%146
                0x0000000000003126        0x2
 .text.Dummy_Handler
                0x0000000000003126        0x2 build/sam_d21_xpro/debug/_ext/128142748/interrupts.o
                0x0000000000003126                SVCall_Handler
                0x0000000000003126                AC_Handler
                0x0000000000003126                SysTick_Handler
                0x0000000000003126                PendSV_Handler
                0x0000000000003126                TC7_Handler
                0x0000000000003126                SERCOM1_Handler
                0x0000000000003126                ADC_Handler
                0x0000000000003126                TCC1_Handler
                0x0000000000003126                SERCOM2_Handler
                0x0000000000003126                TCC0_Handler
                0x0000000000003126                RTC_Handler
                0x0000000000003126                EIC_Handler
                0x0000000000003126                TC6_Handler
                0x0000000000003126                WDT_Handler
                0x0000000000003126                TC4_Handler
                0x0000000000003126                Dummy_Handler
                0x0000000000003126                PM_Handler
                0x0000000000003126                SERCOM5_Handler
                0x0000000000003126                TCC2_Handler
                0x0000000000003126                EVSYS_Handler
                0x0000000000003126                SERCOM3_Handler
                0x0000000000003126                SERCOM4_Handler
                0x0000000000003126                I2S_Handler
                0x0000000000003126                NVMCTRL_Handler
                0x0000000000003126                TC3_TimerInterruptHandler
                0x0000000000003126                SERCOM0_Handler
                0x0000000000003126                DAC_Handler
                0x0000000000003126                PTC_Handler
                0x0000000000003126                TC5_Handler
                0x0000000000003126                SYSCTRL_Handler